Archive member included to satisfy reference by file (symbol)

c:/program files (x86)/atmel/studio/7.0/toolchain/avr8/avr8-gnu-toolchain/bin/../lib/gcc/avr/5.4.0/../../../../avr/lib/avr51\libm.a(addsf3.o)
                              HAL/Ultrasonic/Ultra.o (__subsf3)
c:/program files (x86)/atmel/studio/7.0/toolchain/avr8/avr8-gnu-toolchain/bin/../lib/gcc/avr/5.4.0/../../../../avr/lib/avr51\libm.a(addsf3x.o)
                              c:/program files (x86)/atmel/studio/7.0/toolchain/avr8/avr8-gnu-toolchain/bin/../lib/gcc/avr/5.4.0/../../../../avr/lib/avr51\libm.a(addsf3.o) (__addsf3x)
c:/program files (x86)/atmel/studio/7.0/toolchain/avr8/avr8-gnu-toolchain/bin/../lib/gcc/avr/5.4.0/../../../../avr/lib/avr51\libm.a(fixunssfsi.o)
                              HAL/Ultrasonic/Ultra.o (__fixunssfsi)
c:/program files (x86)/atmel/studio/7.0/toolchain/avr8/avr8-gnu-toolchain/bin/../lib/gcc/avr/5.4.0/../../../../avr/lib/avr51\libm.a(floatsisf.o)
                              HAL/Ultrasonic/Ultra.o (__floatunsisf)
c:/program files (x86)/atmel/studio/7.0/toolchain/avr8/avr8-gnu-toolchain/bin/../lib/gcc/avr/5.4.0/../../../../avr/lib/avr51\libm.a(fp_inf.o)
                              c:/program files (x86)/atmel/studio/7.0/toolchain/avr8/avr8-gnu-toolchain/bin/../lib/gcc/avr/5.4.0/../../../../avr/lib/avr51\libm.a(addsf3x.o) (__fp_inf)
c:/program files (x86)/atmel/studio/7.0/toolchain/avr8/avr8-gnu-toolchain/bin/../lib/gcc/avr/5.4.0/../../../../avr/lib/avr51\libm.a(fp_nan.o)
                              c:/program files (x86)/atmel/studio/7.0/toolchain/avr8/avr8-gnu-toolchain/bin/../lib/gcc/avr/5.4.0/../../../../avr/lib/avr51\libm.a(addsf3x.o) (__fp_nan)
c:/program files (x86)/atmel/studio/7.0/toolchain/avr8/avr8-gnu-toolchain/bin/../lib/gcc/avr/5.4.0/../../../../avr/lib/avr51\libm.a(fp_pscA.o)
                              c:/program files (x86)/atmel/studio/7.0/toolchain/avr8/avr8-gnu-toolchain/bin/../lib/gcc/avr/5.4.0/../../../../avr/lib/avr51\libm.a(addsf3x.o) (__fp_pscA)
c:/program files (x86)/atmel/studio/7.0/toolchain/avr8/avr8-gnu-toolchain/bin/../lib/gcc/avr/5.4.0/../../../../avr/lib/avr51\libm.a(fp_pscB.o)
                              c:/program files (x86)/atmel/studio/7.0/toolchain/avr8/avr8-gnu-toolchain/bin/../lib/gcc/avr/5.4.0/../../../../avr/lib/avr51\libm.a(addsf3x.o) (__fp_pscB)
c:/program files (x86)/atmel/studio/7.0/toolchain/avr8/avr8-gnu-toolchain/bin/../lib/gcc/avr/5.4.0/../../../../avr/lib/avr51\libm.a(fp_round.o)
                              c:/program files (x86)/atmel/studio/7.0/toolchain/avr8/avr8-gnu-toolchain/bin/../lib/gcc/avr/5.4.0/../../../../avr/lib/avr51\libm.a(addsf3.o) (__fp_round)
c:/program files (x86)/atmel/studio/7.0/toolchain/avr8/avr8-gnu-toolchain/bin/../lib/gcc/avr/5.4.0/../../../../avr/lib/avr51\libm.a(fp_split3.o)
                              c:/program files (x86)/atmel/studio/7.0/toolchain/avr8/avr8-gnu-toolchain/bin/../lib/gcc/avr/5.4.0/../../../../avr/lib/avr51\libm.a(addsf3x.o) (__fp_split3)
c:/program files (x86)/atmel/studio/7.0/toolchain/avr8/avr8-gnu-toolchain/bin/../lib/gcc/avr/5.4.0/../../../../avr/lib/avr51\libm.a(fp_zero.o)
                              c:/program files (x86)/atmel/studio/7.0/toolchain/avr8/avr8-gnu-toolchain/bin/../lib/gcc/avr/5.4.0/../../../../avr/lib/avr51\libm.a(addsf3x.o) (__fp_zero)
c:/program files (x86)/atmel/studio/7.0/toolchain/avr8/avr8-gnu-toolchain/bin/../lib/gcc/avr/5.4.0/../../../../avr/lib/avr51\libm.a(mulsf3.o)
                              HAL/Ultrasonic/Ultra.o (__mulsf3)
c:/program files (x86)/atmel/studio/7.0/toolchain/avr8/avr8-gnu-toolchain/bin/../lib/gcc/avr/5.4.0/../../../../avr/lib/avr51\libm.a(mulsf3x.o)
                              c:/program files (x86)/atmel/studio/7.0/toolchain/avr8/avr8-gnu-toolchain/bin/../lib/gcc/avr/5.4.0/../../../../avr/lib/avr51\libm.a(mulsf3.o) (__mulsf3x)
c:/program files (x86)/atmel/studio/7.0/toolchain/avr8/avr8-gnu-toolchain/bin/../lib/gcc/avr/5.4.0/avr51\libgcc.a(_divmodsi4.o)
                              RTOS/Source/integer.o (__divmodsi4)
c:/program files (x86)/atmel/studio/7.0/toolchain/avr8/avr8-gnu-toolchain/bin/../lib/gcc/avr/5.4.0/avr51\libgcc.a(_negsi2.o)
                              c:/program files (x86)/atmel/studio/7.0/toolchain/avr8/avr8-gnu-toolchain/bin/../lib/gcc/avr/5.4.0/avr51\libgcc.a(_divmodsi4.o) (__negsi2)
c:/program files (x86)/atmel/studio/7.0/toolchain/avr8/avr8-gnu-toolchain/bin/../lib/gcc/avr/5.4.0/avr51\libgcc.a(_exit.o)
                              C:/Program Files (x86)/Atmel/Studio/7.0/Packs/atmel/ATmega_DFP/1.2.209/gcc/dev/atmega128/avr51/crtatmega128.o (exit)
c:/program files (x86)/atmel/studio/7.0/toolchain/avr8/avr8-gnu-toolchain/bin/../lib/gcc/avr/5.4.0/avr51\libgcc.a(_copy_data.o)
                              Final Project.o (__do_copy_data)
c:/program files (x86)/atmel/studio/7.0/toolchain/avr8/avr8-gnu-toolchain/bin/../lib/gcc/avr/5.4.0/avr51\libgcc.a(_clear_bss.o)
                              Final Project.o (__do_clear_bss)
c:/program files (x86)/atmel/studio/7.0/toolchain/avr8/avr8-gnu-toolchain/bin/../lib/gcc/avr/5.4.0/avr51\libgcc.a(_umulhisi3.o)
                              HAL/Ultrasonic/Ultra.o (__umulhisi3)
c:/program files (x86)/atmel/studio/7.0/toolchain/avr8/avr8-gnu-toolchain/bin/../lib/gcc/avr/5.4.0/avr51\libgcc.a(_udivmodsi4.o)
                              c:/program files (x86)/atmel/studio/7.0/toolchain/avr8/avr8-gnu-toolchain/bin/../lib/gcc/avr/5.4.0/avr51\libgcc.a(_divmodsi4.o) (__udivmodsi4)
c:/program files (x86)/atmel/studio/7.0/toolchain/avr8/avr8-gnu-toolchain/bin/../lib/gcc/avr/5.4.0/../../../../avr/lib/avr51\libc.a(atoi.o)
                              HAL/WiFi/WiFi.o (atoi)
c:/program files (x86)/atmel/studio/7.0/toolchain/avr8/avr8-gnu-toolchain/bin/../lib/gcc/avr/5.4.0/../../../../avr/lib/avr51\libc.a(strtok.o)
                              HAL/WiFi/WiFi.o (strtok)
c:/program files (x86)/atmel/studio/7.0/toolchain/avr8/avr8-gnu-toolchain/bin/../lib/gcc/avr/5.4.0/../../../../avr/lib/avr51\libc.a(memcpy.o)
                              RTOS/Source/queue.o (memcpy)
c:/program files (x86)/atmel/studio/7.0/toolchain/avr8/avr8-gnu-toolchain/bin/../lib/gcc/avr/5.4.0/../../../../avr/lib/avr51\libc.a(strcat.o)
                              HAL/WiFi/WiFi.o (strcat)
c:/program files (x86)/atmel/studio/7.0/toolchain/avr8/avr8-gnu-toolchain/bin/../lib/gcc/avr/5.4.0/../../../../avr/lib/avr51\libc.a(strstr.o)
                              HAL/WiFi/WiFi.o (strstr)
c:/program files (x86)/atmel/studio/7.0/toolchain/avr8/avr8-gnu-toolchain/bin/../lib/gcc/avr/5.4.0/../../../../avr/lib/avr51\libc.a(strtok_r.o)
                              c:/program files (x86)/atmel/studio/7.0/toolchain/avr8/avr8-gnu-toolchain/bin/../lib/gcc/avr/5.4.0/../../../../avr/lib/avr51\libc.a(strtok.o) (strtok_r)
c:/program files (x86)/atmel/studio/7.0/toolchain/avr8/avr8-gnu-toolchain/bin/../lib/gcc/avr/5.4.0/../../../../avr/lib/avr51\libc.a(mul10.o)
                              c:/program files (x86)/atmel/studio/7.0/toolchain/avr8/avr8-gnu-toolchain/bin/../lib/gcc/avr/5.4.0/../../../../avr/lib/avr51\libc.a(atoi.o) (__mulhi_const_10)
c:/program files (x86)/atmel/studio/7.0/toolchain/avr8/avr8-gnu-toolchain/bin/../lib/gcc/avr/5.4.0/../../../../avr/lib/avr51\libc.a(sprintf.o)
                              HAL/WiFi/WiFi.o (sprintf)
c:/program files (x86)/atmel/studio/7.0/toolchain/avr8/avr8-gnu-toolchain/bin/../lib/gcc/avr/5.4.0/../../../../avr/lib/avr51\libc.a(vfprintf_std.o)
                              c:/program files (x86)/atmel/studio/7.0/toolchain/avr8/avr8-gnu-toolchain/bin/../lib/gcc/avr/5.4.0/../../../../avr/lib/avr51\libc.a(sprintf.o) (vfprintf)
c:/program files (x86)/atmel/studio/7.0/toolchain/avr8/avr8-gnu-toolchain/bin/../lib/gcc/avr/5.4.0/../../../../avr/lib/avr51\libc.a(strnlen_P.o)
                              c:/program files (x86)/atmel/studio/7.0/toolchain/avr8/avr8-gnu-toolchain/bin/../lib/gcc/avr/5.4.0/../../../../avr/lib/avr51\libc.a(vfprintf_std.o) (strnlen_P)
c:/program files (x86)/atmel/studio/7.0/toolchain/avr8/avr8-gnu-toolchain/bin/../lib/gcc/avr/5.4.0/../../../../avr/lib/avr51\libc.a(strnlen.o)
                              c:/program files (x86)/atmel/studio/7.0/toolchain/avr8/avr8-gnu-toolchain/bin/../lib/gcc/avr/5.4.0/../../../../avr/lib/avr51\libc.a(vfprintf_std.o) (strnlen)
c:/program files (x86)/atmel/studio/7.0/toolchain/avr8/avr8-gnu-toolchain/bin/../lib/gcc/avr/5.4.0/../../../../avr/lib/avr51\libc.a(fputc.o)
                              c:/program files (x86)/atmel/studio/7.0/toolchain/avr8/avr8-gnu-toolchain/bin/../lib/gcc/avr/5.4.0/../../../../avr/lib/avr51\libc.a(vfprintf_std.o) (fputc)
c:/program files (x86)/atmel/studio/7.0/toolchain/avr8/avr8-gnu-toolchain/bin/../lib/gcc/avr/5.4.0/../../../../avr/lib/avr51\libc.a(ultoa_invert.o)
                              c:/program files (x86)/atmel/studio/7.0/toolchain/avr8/avr8-gnu-toolchain/bin/../lib/gcc/avr/5.4.0/../../../../avr/lib/avr51\libc.a(vfprintf_std.o) (__ultoa_invert)

Allocating common symbols
Common symbol       size              file

recv_buffer         0x2bc             MCAL/UART/USART.o

Discarded input sections

 .data          0x00000000        0x0 C:/Program Files (x86)/Atmel/Studio/7.0/Packs/atmel/ATmega_DFP/1.2.209/gcc/dev/atmega128/avr51/crtatmega128.o
 .bss           0x00000000        0x0 C:/Program Files (x86)/Atmel/Studio/7.0/Packs/atmel/ATmega_DFP/1.2.209/gcc/dev/atmega128/avr51/crtatmega128.o
 .text          0x00000000        0x0 Final Project.o
 .data          0x00000000        0x0 Final Project.o
 .bss           0x00000000        0x0 Final Project.o
 .text          0x00000000        0x0 HAL/Bluetooth/Bluetooth.o
 .data          0x00000000        0x0 HAL/Bluetooth/Bluetooth.o
 .bss           0x00000000        0x0 HAL/Bluetooth/Bluetooth.o
 .text.Bluetooth_transmit_byte
                0x00000000        0x6 HAL/Bluetooth/Bluetooth.o
 .text.Bluetooth_receive_byte
                0x00000000        0x6 HAL/Bluetooth/Bluetooth.o
 .text          0x00000000        0x0 HAL/DC/moter.o
 .data          0x00000000        0x0 HAL/DC/moter.o
 .bss           0x00000000        0x0 HAL/DC/moter.o
 .text          0x00000000        0x0 HAL/LED Matrix/LED_Matrix.o
 .data          0x00000000        0x0 HAL/LED Matrix/LED_Matrix.o
 .bss           0x00000000        0x0 HAL/LED Matrix/LED_Matrix.o
 .text.LED_Matrix_UP
                0x00000000       0x5c HAL/LED Matrix/LED_Matrix.o
 .text.LED_Matrix_half_UP
                0x00000000       0x5c HAL/LED Matrix/LED_Matrix.o
 .text.LED_Matrix_normal
                0x00000000       0x5c HAL/LED Matrix/LED_Matrix.o
 .text.LED_Matrix_half_DOWN
                0x00000000       0x5c HAL/LED Matrix/LED_Matrix.o
 .text.LED_Matrix_DOWN
                0x00000000       0x5c HAL/LED Matrix/LED_Matrix.o
 .text.LED_Matrix_ClearAll
                0x00000000        0xa HAL/LED Matrix/LED_Matrix.o
 .text          0x00000000        0x0 HAL/Stepper/Stepper.o
 .data          0x00000000        0x0 HAL/Stepper/Stepper.o
 .bss           0x00000000        0x0 HAL/Stepper/Stepper.o
 .text          0x00000000        0x0 HAL/Ultrasonic/Ultra.o
 .data          0x00000000        0x0 HAL/Ultrasonic/Ultra.o
 .bss           0x00000000        0x0 HAL/Ultrasonic/Ultra.o
 .text          0x00000000        0x0 HAL/WiFi/WiFi.o
 .data          0x00000000        0x0 HAL/WiFi/WiFi.o
 .bss           0x00000000        0x0 HAL/WiFi/WiFi.o
 .text.WiFi_init
                0x00000000       0x22 HAL/WiFi/WiFi.o
 .rodata.str1.1
                0x00000000      0x132 HAL/WiFi/WiFi.o
 .text.WiFi_readData
                0x00000000       0x5c HAL/WiFi/WiFi.o
 .text.WiFi_checkResponse
                0x00000000       0x3c HAL/WiFi/WiFi.o
 .text.WiFi_sendAtCommand
                0x00000000       0x26 HAL/WiFi/WiFi.o
 .text.WiFi_initServer
                0x00000000       0x36 HAL/WiFi/WiFi.o
 .text.WiFi_checkNearServers
                0x00000000       0x68 HAL/WiFi/WiFi.o
 .text.WiFi_checkConnection
                0x00000000       0x60 HAL/WiFi/WiFi.o
 .text.WiFi_joinAccessPoint
                0x00000000       0xd8 HAL/WiFi/WiFi.o
 .text.WiFi_start
                0x00000000       0x74 HAL/WiFi/WiFi.o
 .text.WiFi_initClient
                0x00000000       0x46 HAL/WiFi/WiFi.o
 .text.WiFi_send
                0x00000000      0x11e HAL/WiFi/WiFi.o
 .text.WiFi_clearBuffer
                0x00000000        0x6 HAL/WiFi/WiFi.o
 .text.WiFi_reset
                0x00000000       0x24 HAL/WiFi/WiFi.o
 .debug_info    0x00000000      0xb5d HAL/WiFi/WiFi.o
 .debug_abbrev  0x00000000      0x228 HAL/WiFi/WiFi.o
 .debug_loc     0x00000000      0x6a5 HAL/WiFi/WiFi.o
 .debug_aranges
                0x00000000       0x80 HAL/WiFi/WiFi.o
 .debug_ranges  0x00000000       0x70 HAL/WiFi/WiFi.o
 .debug_line    0x00000000      0x497 HAL/WiFi/WiFi.o
 .debug_str     0x00000000      0x4c1 HAL/WiFi/WiFi.o
 .comment       0x00000000       0x31 HAL/WiFi/WiFi.o
 .debug_frame   0x00000000      0x190 HAL/WiFi/WiFi.o
 .text          0x00000000        0x0 MCAL/SPI/spi.o
 .data          0x00000000        0x0 MCAL/SPI/spi.o
 .bss           0x00000000        0x0 MCAL/SPI/spi.o
 .text          0x00000000        0x0 MCAL/UART/USART.o
 .data          0x00000000        0x0 MCAL/UART/USART.o
 .bss           0x00000000        0x0 MCAL/UART/USART.o
 .text.USART0_Init
                0x00000000       0x2a MCAL/UART/USART.o
 .text.USART0_Transmit
                0x00000000        0x8 MCAL/UART/USART.o
 .text.USART0_TransmitStr
                0x00000000       0x1c MCAL/UART/USART.o
 .text.USART0_Receive
                0x00000000        0x8 MCAL/UART/USART.o
 .text.USART1_Transmit
                0x00000000       0x10 MCAL/UART/USART.o
 .text.USART1_Receive
                0x00000000       0x10 MCAL/UART/USART.o
 .text.USART1_TransmitStr
                0x00000000       0x1c MCAL/UART/USART.o
 .text.USART0_readResponse
                0x00000000        0x6 MCAL/UART/USART.o
 .text.USART0_clearResponse
                0x00000000       0x1e MCAL/UART/USART.o
 .text          0x00000000        0x0 RTOS/Source/croutine.o
 .data          0x00000000        0x0 RTOS/Source/croutine.o
 .bss           0x00000000        0x0 RTOS/Source/croutine.o
 .text.xCoRoutineCreate
                0x00000000       0xf0 RTOS/Source/croutine.o
 .text.vCoRoutineAddToDelayedList
                0x00000000       0x86 RTOS/Source/croutine.o
 .text.vCoRoutineSchedule
                0x00000000      0x274 RTOS/Source/croutine.o
 .text.xCoRoutineRemoveFromEventList
                0x00000000       0x4a RTOS/Source/croutine.o
 .bss.xPassedTicks
                0x00000000        0x2 RTOS/Source/croutine.o
 .bss.xLastTickCount
                0x00000000        0x2 RTOS/Source/croutine.o
 .bss.xCoRoutineTickCount
                0x00000000        0x2 RTOS/Source/croutine.o
 .bss.uxTopCoRoutineReadyPriority
                0x00000000        0x1 RTOS/Source/croutine.o
 .bss.pxCurrentCoRoutine
                0x00000000        0x2 RTOS/Source/croutine.o
 .bss.xPendingReadyCoRoutineList
                0x00000000        0x9 RTOS/Source/croutine.o
 .bss.pxOverflowDelayedCoRoutineList
                0x00000000        0x2 RTOS/Source/croutine.o
 .bss.pxDelayedCoRoutineList
                0x00000000        0x2 RTOS/Source/croutine.o
 .bss.xDelayedCoRoutineList2
                0x00000000        0x9 RTOS/Source/croutine.o
 .bss.xDelayedCoRoutineList1
                0x00000000        0x9 RTOS/Source/croutine.o
 .bss.pxReadyCoRoutineLists
                0x00000000       0x12 RTOS/Source/croutine.o
 .debug_info    0x00000000      0x77d RTOS/Source/croutine.o
 .debug_abbrev  0x00000000      0x219 RTOS/Source/croutine.o
 .debug_loc     0x00000000      0x3eb RTOS/Source/croutine.o
 .debug_aranges
                0x00000000       0x38 RTOS/Source/croutine.o
 .debug_ranges  0x00000000       0x28 RTOS/Source/croutine.o
 .debug_line    0x00000000      0x325 RTOS/Source/croutine.o
 .debug_str     0x00000000      0x57a RTOS/Source/croutine.o
 .comment       0x00000000       0x31 RTOS/Source/croutine.o
 .debug_frame   0x00000000       0xc0 RTOS/Source/croutine.o
 .text          0x00000000        0x0 RTOS/Source/event_groups.o
 .data          0x00000000        0x0 RTOS/Source/event_groups.o
 .bss           0x00000000        0x0 RTOS/Source/event_groups.o
 .text.xEventGroupCreate
                0x00000000       0x26 RTOS/Source/event_groups.o
 .text.xEventGroupWaitBits
                0x00000000      0x110 RTOS/Source/event_groups.o
 .text.xEventGroupClearBits
                0x00000000       0x1e RTOS/Source/event_groups.o
 .text.xEventGroupGetBitsFromISR
                0x00000000        0x8 RTOS/Source/event_groups.o
 .text.xEventGroupSetBits
                0x00000000       0xdc RTOS/Source/event_groups.o
 .text.xEventGroupSync
                0x00000000       0xd2 RTOS/Source/event_groups.o
 .text.vEventGroupDelete
                0x00000000       0x32 RTOS/Source/event_groups.o
 .text.vEventGroupSetBitsCallback
                0x00000000        0x8 RTOS/Source/event_groups.o
 .text.vEventGroupClearBitsCallback
                0x00000000        0x8 RTOS/Source/event_groups.o
 .debug_info    0x00000000      0x8ef RTOS/Source/event_groups.o
 .debug_abbrev  0x00000000      0x205 RTOS/Source/event_groups.o
 .debug_loc     0x00000000      0xb40 RTOS/Source/event_groups.o
 .debug_aranges
                0x00000000       0x60 RTOS/Source/event_groups.o
 .debug_ranges  0x00000000       0x68 RTOS/Source/event_groups.o
 .debug_line    0x00000000      0x3b0 RTOS/Source/event_groups.o
 .debug_str     0x00000000      0x5ca RTOS/Source/event_groups.o
 .comment       0x00000000       0x31 RTOS/Source/event_groups.o
 .debug_frame   0x00000000      0x158 RTOS/Source/event_groups.o
 .text          0x00000000        0x0 RTOS/Source/heap_1.o
 .data          0x00000000        0x0 RTOS/Source/heap_1.o
 .bss           0x00000000        0x0 RTOS/Source/heap_1.o
 .text.vPortInitialiseBlocks
                0x00000000        0xa RTOS/Source/heap_1.o
 .text.xPortGetFreeHeapSize
                0x00000000       0x12 RTOS/Source/heap_1.o
 .text          0x00000000        0x0 RTOS/Source/integer.o
 .data          0x00000000        0x0 RTOS/Source/integer.o
 .bss           0x00000000        0x0 RTOS/Source/integer.o
 .text.vCompeteingIntMathTask
                0x00000000       0xd4 RTOS/Source/integer.o
 .rodata.str1.1
                0x00000000        0x8 RTOS/Source/integer.o
 .text.vStartIntegerMathTasks
                0x00000000       0x40 RTOS/Source/integer.o
 .text.xAreIntegerMathsTaskStillRunning
                0x00000000       0x12 RTOS/Source/integer.o
 .bss.xTaskCheck
                0x00000000        0x1 RTOS/Source/integer.o
 .debug_info    0x00000000      0x210 RTOS/Source/integer.o
 .debug_abbrev  0x00000000      0x109 RTOS/Source/integer.o
 .debug_loc     0x00000000      0x1cd RTOS/Source/integer.o
 .debug_aranges
                0x00000000       0x30 RTOS/Source/integer.o
 .debug_ranges  0x00000000       0x20 RTOS/Source/integer.o
 .debug_line    0x00000000      0x10a RTOS/Source/integer.o
 .debug_str     0x00000000      0x290 RTOS/Source/integer.o
 .comment       0x00000000       0x31 RTOS/Source/integer.o
 .debug_frame   0x00000000       0x78 RTOS/Source/integer.o
 .text          0x00000000        0x0 RTOS/Source/list.o
 .data          0x00000000        0x0 RTOS/Source/list.o
 .bss           0x00000000        0x0 RTOS/Source/list.o
 .text          0x00000000        0x0 RTOS/Source/PollQ.o
 .data          0x00000000        0x0 RTOS/Source/PollQ.o
 .bss           0x00000000        0x0 RTOS/Source/PollQ.o
 .text.vPolledQueueProducer
                0x00000000       0x66 RTOS/Source/PollQ.o
 .text.vPolledQueueConsumer
                0x00000000       0x7e RTOS/Source/PollQ.o
 .rodata.str1.1
                0x00000000       0x10 RTOS/Source/PollQ.o
 .text.vStartPolledQueueTasks
                0x00000000       0x6c RTOS/Source/PollQ.o
 .text.xArePollingQueuesStillRunning
                0x00000000       0x22 RTOS/Source/PollQ.o
 .bss.xPolledQueue.2093
                0x00000000        0x2 RTOS/Source/PollQ.o
 .bss.xPollingProducerCount
                0x00000000        0x1 RTOS/Source/PollQ.o
 .bss.xPollingConsumerCount
                0x00000000        0x1 RTOS/Source/PollQ.o
 .debug_info    0x00000000      0x3bd RTOS/Source/PollQ.o
 .debug_abbrev  0x00000000      0x106 RTOS/Source/PollQ.o
 .debug_loc     0x00000000      0x262 RTOS/Source/PollQ.o
 .debug_aranges
                0x00000000       0x38 RTOS/Source/PollQ.o
 .debug_ranges  0x00000000       0x28 RTOS/Source/PollQ.o
 .debug_line    0x00000000      0x206 RTOS/Source/PollQ.o
 .debug_str     0x00000000      0x34f RTOS/Source/PollQ.o
 .comment       0x00000000       0x31 RTOS/Source/PollQ.o
 .debug_frame   0x00000000       0x9c RTOS/Source/PollQ.o
 .text          0x00000000        0x0 RTOS/Source/port.o
 .data          0x00000000        0x0 RTOS/Source/port.o
 .bss           0x00000000        0x0 RTOS/Source/port.o
 .text.vPortEndScheduler
                0x00000000        0x2 RTOS/Source/port.o
 .text          0x00000000        0x0 RTOS/Source/queue.o
 .data          0x00000000        0x0 RTOS/Source/queue.o
 .bss           0x00000000        0x0 RTOS/Source/queue.o
 .text.prvCopyDataToQueue
                0x00000000       0x96 RTOS/Source/queue.o
 .text.prvCopyDataFromQueue
                0x00000000       0x34 RTOS/Source/queue.o
 .text.prvUnlockQueue
                0x00000000       0x98 RTOS/Source/queue.o
 .text.xQueueGenericReset
                0x00000000       0x7a RTOS/Source/queue.o
 .text.xQueueGenericCreate
                0x00000000       0x5c RTOS/Source/queue.o
 .text.xQueueCreateCountingSemaphore
                0x00000000       0x18 RTOS/Source/queue.o
 .text.xQueueGenericSend
                0x00000000      0x142 RTOS/Source/queue.o
 .text.xQueueGenericSendFromISR
                0x00000000       0x80 RTOS/Source/queue.o
 .text.xQueueGenericReceive
                0x00000000      0x158 RTOS/Source/queue.o
 .text.xQueueReceiveFromISR
                0x00000000       0x66 RTOS/Source/queue.o
 .text.xQueuePeekFromISR
                0x00000000       0x2e RTOS/Source/queue.o
 .text.uxQueueMessagesWaiting
                0x00000000       0x10 RTOS/Source/queue.o
 .text.uxQueueSpacesAvailable
                0x00000000       0x14 RTOS/Source/queue.o
 .text.uxQueueMessagesWaitingFromISR
                0x00000000        0x6 RTOS/Source/queue.o
 .text.vQueueDelete
                0x00000000       0x1e RTOS/Source/queue.o
 .text.xQueueIsQueueEmptyFromISR
                0x00000000        0xc RTOS/Source/queue.o
 .text.xQueueIsQueueFullFromISR
                0x00000000        0xe RTOS/Source/queue.o
 .text.xQueueCRSend
                0x00000000       0x72 RTOS/Source/queue.o
 .text.xQueueCRReceive
                0x00000000       0x92 RTOS/Source/queue.o
 .text.xQueueCRSendFromISR
                0x00000000       0x48 RTOS/Source/queue.o
 .text.xQueueCRReceiveFromISR
                0x00000000       0x82 RTOS/Source/queue.o
 .debug_info    0x00000000     0x1216 RTOS/Source/queue.o
 .debug_abbrev  0x00000000      0x260 RTOS/Source/queue.o
 .debug_loc     0x00000000     0x1807 RTOS/Source/queue.o
 .debug_aranges
                0x00000000       0xc0 RTOS/Source/queue.o
 .debug_ranges  0x00000000       0xb0 RTOS/Source/queue.o
 .debug_line    0x00000000      0x991 RTOS/Source/queue.o
 .debug_str     0x00000000      0x7b1 RTOS/Source/queue.o
 .comment       0x00000000       0x31 RTOS/Source/queue.o
 .debug_frame   0x00000000      0x2b4 RTOS/Source/queue.o
 .text          0x00000000        0x0 RTOS/Source/tasks.o
 .data          0x00000000        0x0 RTOS/Source/tasks.o
 .bss           0x00000000        0x0 RTOS/Source/tasks.o
 .text.vTaskDelete
                0x00000000       0x8e RTOS/Source/tasks.o
 .text.vTaskEndScheduler
                0x00000000        0xc RTOS/Source/tasks.o
 .text.xTaskGetTickCount
                0x00000000       0x14 RTOS/Source/tasks.o
 .text.xTaskGetTickCountFromISR
                0x00000000        0xa RTOS/Source/tasks.o
 .text.uxTaskGetNumberOfTasks
                0x00000000        0x6 RTOS/Source/tasks.o
 .text.vTaskDelayUntil
                0x00000000       0x84 RTOS/Source/tasks.o
 .text.vTaskPlaceOnEventList
                0x00000000       0x3a RTOS/Source/tasks.o
 .text.vTaskPlaceOnUnorderedEventList
                0x00000000       0x48 RTOS/Source/tasks.o
 .text.xTaskRemoveFromEventList
                0x00000000       0x90 RTOS/Source/tasks.o
 .text.xTaskRemoveFromUnorderedEventList
                0x00000000       0x74 RTOS/Source/tasks.o
 .text.vTaskSetTimeOutState
                0x00000000       0x16 RTOS/Source/tasks.o
 .text.xTaskCheckForTimeOut
                0x00000000       0x64 RTOS/Source/tasks.o
 .text.vTaskMissedYield
                0x00000000        0x8 RTOS/Source/tasks.o
 .text.uxTaskResetEventItemValue
                0x00000000       0x2e RTOS/Source/tasks.o
 .text          0x00000000        0x0 c:/program files (x86)/atmel/studio/7.0/toolchain/avr8/avr8-gnu-toolchain/bin/../lib/gcc/avr/5.4.0/../../../../avr/lib/avr51\libm.a(addsf3.o)
 .data          0x00000000        0x0 c:/program files (x86)/atmel/studio/7.0/toolchain/avr8/avr8-gnu-toolchain/bin/../lib/gcc/avr/5.4.0/../../../../avr/lib/avr51\libm.a(addsf3.o)
 .bss           0x00000000        0x0 c:/program files (x86)/atmel/studio/7.0/toolchain/avr8/avr8-gnu-toolchain/bin/../lib/gcc/avr/5.4.0/../../../../avr/lib/avr51\libm.a(addsf3.o)
 .text          0x00000000        0x0 c:/program files (x86)/atmel/studio/7.0/toolchain/avr8/avr8-gnu-toolchain/bin/../lib/gcc/avr/5.4.0/../../../../avr/lib/avr51\libm.a(addsf3x.o)
 .data          0x00000000        0x0 c:/program files (x86)/atmel/studio/7.0/toolchain/avr8/avr8-gnu-toolchain/bin/../lib/gcc/avr/5.4.0/../../../../avr/lib/avr51\libm.a(addsf3x.o)
 .bss           0x00000000        0x0 c:/program files (x86)/atmel/studio/7.0/toolchain/avr8/avr8-gnu-toolchain/bin/../lib/gcc/avr/5.4.0/../../../../avr/lib/avr51\libm.a(addsf3x.o)
 .text          0x00000000        0x0 c:/program files (x86)/atmel/studio/7.0/toolchain/avr8/avr8-gnu-toolchain/bin/../lib/gcc/avr/5.4.0/../../../../avr/lib/avr51\libm.a(fixunssfsi.o)
 .data          0x00000000        0x0 c:/program files (x86)/atmel/studio/7.0/toolchain/avr8/avr8-gnu-toolchain/bin/../lib/gcc/avr/5.4.0/../../../../avr/lib/avr51\libm.a(fixunssfsi.o)
 .bss           0x00000000        0x0 c:/program files (x86)/atmel/studio/7.0/toolchain/avr8/avr8-gnu-toolchain/bin/../lib/gcc/avr/5.4.0/../../../../avr/lib/avr51\libm.a(fixunssfsi.o)
 .text          0x00000000        0x0 c:/program files (x86)/atmel/studio/7.0/toolchain/avr8/avr8-gnu-toolchain/bin/../lib/gcc/avr/5.4.0/../../../../avr/lib/avr51\libm.a(floatsisf.o)
 .data          0x00000000        0x0 c:/program files (x86)/atmel/studio/7.0/toolchain/avr8/avr8-gnu-toolchain/bin/../lib/gcc/avr/5.4.0/../../../../avr/lib/avr51\libm.a(floatsisf.o)
 .bss           0x00000000        0x0 c:/program files (x86)/atmel/studio/7.0/toolchain/avr8/avr8-gnu-toolchain/bin/../lib/gcc/avr/5.4.0/../../../../avr/lib/avr51\libm.a(floatsisf.o)
 .text          0x00000000        0x0 c:/program files (x86)/atmel/studio/7.0/toolchain/avr8/avr8-gnu-toolchain/bin/../lib/gcc/avr/5.4.0/../../../../avr/lib/avr51\libm.a(fp_inf.o)
 .data          0x00000000        0x0 c:/program files (x86)/atmel/studio/7.0/toolchain/avr8/avr8-gnu-toolchain/bin/../lib/gcc/avr/5.4.0/../../../../avr/lib/avr51\libm.a(fp_inf.o)
 .bss           0x00000000        0x0 c:/program files (x86)/atmel/studio/7.0/toolchain/avr8/avr8-gnu-toolchain/bin/../lib/gcc/avr/5.4.0/../../../../avr/lib/avr51\libm.a(fp_inf.o)
 .text          0x00000000        0x0 c:/program files (x86)/atmel/studio/7.0/toolchain/avr8/avr8-gnu-toolchain/bin/../lib/gcc/avr/5.4.0/../../../../avr/lib/avr51\libm.a(fp_nan.o)
 .data          0x00000000        0x0 c:/program files (x86)/atmel/studio/7.0/toolchain/avr8/avr8-gnu-toolchain/bin/../lib/gcc/avr/5.4.0/../../../../avr/lib/avr51\libm.a(fp_nan.o)
 .bss           0x00000000        0x0 c:/program files (x86)/atmel/studio/7.0/toolchain/avr8/avr8-gnu-toolchain/bin/../lib/gcc/avr/5.4.0/../../../../avr/lib/avr51\libm.a(fp_nan.o)
 .text          0x00000000        0x0 c:/program files (x86)/atmel/studio/7.0/toolchain/avr8/avr8-gnu-toolchain/bin/../lib/gcc/avr/5.4.0/../../../../avr/lib/avr51\libm.a(fp_pscA.o)
 .data          0x00000000        0x0 c:/program files (x86)/atmel/studio/7.0/toolchain/avr8/avr8-gnu-toolchain/bin/../lib/gcc/avr/5.4.0/../../../../avr/lib/avr51\libm.a(fp_pscA.o)
 .bss           0x00000000        0x0 c:/program files (x86)/atmel/studio/7.0/toolchain/avr8/avr8-gnu-toolchain/bin/../lib/gcc/avr/5.4.0/../../../../avr/lib/avr51\libm.a(fp_pscA.o)
 .text          0x00000000        0x0 c:/program files (x86)/atmel/studio/7.0/toolchain/avr8/avr8-gnu-toolchain/bin/../lib/gcc/avr/5.4.0/../../../../avr/lib/avr51\libm.a(fp_pscB.o)
 .data          0x00000000        0x0 c:/program files (x86)/atmel/studio/7.0/toolchain/avr8/avr8-gnu-toolchain/bin/../lib/gcc/avr/5.4.0/../../../../avr/lib/avr51\libm.a(fp_pscB.o)
 .bss           0x00000000        0x0 c:/program files (x86)/atmel/studio/7.0/toolchain/avr8/avr8-gnu-toolchain/bin/../lib/gcc/avr/5.4.0/../../../../avr/lib/avr51\libm.a(fp_pscB.o)
 .text          0x00000000        0x0 c:/program files (x86)/atmel/studio/7.0/toolchain/avr8/avr8-gnu-toolchain/bin/../lib/gcc/avr/5.4.0/../../../../avr/lib/avr51\libm.a(fp_round.o)
 .data          0x00000000        0x0 c:/program files (x86)/atmel/studio/7.0/toolchain/avr8/avr8-gnu-toolchain/bin/../lib/gcc/avr/5.4.0/../../../../avr/lib/avr51\libm.a(fp_round.o)
 .bss           0x00000000        0x0 c:/program files (x86)/atmel/studio/7.0/toolchain/avr8/avr8-gnu-toolchain/bin/../lib/gcc/avr/5.4.0/../../../../avr/lib/avr51\libm.a(fp_round.o)
 .text          0x00000000        0x0 c:/program files (x86)/atmel/studio/7.0/toolchain/avr8/avr8-gnu-toolchain/bin/../lib/gcc/avr/5.4.0/../../../../avr/lib/avr51\libm.a(fp_split3.o)
 .data          0x00000000        0x0 c:/program files (x86)/atmel/studio/7.0/toolchain/avr8/avr8-gnu-toolchain/bin/../lib/gcc/avr/5.4.0/../../../../avr/lib/avr51\libm.a(fp_split3.o)
 .bss           0x00000000        0x0 c:/program files (x86)/atmel/studio/7.0/toolchain/avr8/avr8-gnu-toolchain/bin/../lib/gcc/avr/5.4.0/../../../../avr/lib/avr51\libm.a(fp_split3.o)
 .text          0x00000000        0x0 c:/program files (x86)/atmel/studio/7.0/toolchain/avr8/avr8-gnu-toolchain/bin/../lib/gcc/avr/5.4.0/../../../../avr/lib/avr51\libm.a(fp_zero.o)
 .data          0x00000000        0x0 c:/program files (x86)/atmel/studio/7.0/toolchain/avr8/avr8-gnu-toolchain/bin/../lib/gcc/avr/5.4.0/../../../../avr/lib/avr51\libm.a(fp_zero.o)
 .bss           0x00000000        0x0 c:/program files (x86)/atmel/studio/7.0/toolchain/avr8/avr8-gnu-toolchain/bin/../lib/gcc/avr/5.4.0/../../../../avr/lib/avr51\libm.a(fp_zero.o)
 .text          0x00000000        0x0 c:/program files (x86)/atmel/studio/7.0/toolchain/avr8/avr8-gnu-toolchain/bin/../lib/gcc/avr/5.4.0/../../../../avr/lib/avr51\libm.a(mulsf3.o)
 .data          0x00000000        0x0 c:/program files (x86)/atmel/studio/7.0/toolchain/avr8/avr8-gnu-toolchain/bin/../lib/gcc/avr/5.4.0/../../../../avr/lib/avr51\libm.a(mulsf3.o)
 .bss           0x00000000        0x0 c:/program files (x86)/atmel/studio/7.0/toolchain/avr8/avr8-gnu-toolchain/bin/../lib/gcc/avr/5.4.0/../../../../avr/lib/avr51\libm.a(mulsf3.o)
 .text          0x00000000        0x0 c:/program files (x86)/atmel/studio/7.0/toolchain/avr8/avr8-gnu-toolchain/bin/../lib/gcc/avr/5.4.0/../../../../avr/lib/avr51\libm.a(mulsf3x.o)
 .data          0x00000000        0x0 c:/program files (x86)/atmel/studio/7.0/toolchain/avr8/avr8-gnu-toolchain/bin/../lib/gcc/avr/5.4.0/../../../../avr/lib/avr51\libm.a(mulsf3x.o)
 .bss           0x00000000        0x0 c:/program files (x86)/atmel/studio/7.0/toolchain/avr8/avr8-gnu-toolchain/bin/../lib/gcc/avr/5.4.0/../../../../avr/lib/avr51\libm.a(mulsf3x.o)
 .text          0x00000000        0x0 c:/program files (x86)/atmel/studio/7.0/toolchain/avr8/avr8-gnu-toolchain/bin/../lib/gcc/avr/5.4.0/avr51\libgcc.a(_divmodsi4.o)
 .data          0x00000000        0x0 c:/program files (x86)/atmel/studio/7.0/toolchain/avr8/avr8-gnu-toolchain/bin/../lib/gcc/avr/5.4.0/avr51\libgcc.a(_divmodsi4.o)
 .bss           0x00000000        0x0 c:/program files (x86)/atmel/studio/7.0/toolchain/avr8/avr8-gnu-toolchain/bin/../lib/gcc/avr/5.4.0/avr51\libgcc.a(_divmodsi4.o)
 .text.libgcc.mul
                0x00000000        0x0 c:/program files (x86)/atmel/studio/7.0/toolchain/avr8/avr8-gnu-toolchain/bin/../lib/gcc/avr/5.4.0/avr51\libgcc.a(_divmodsi4.o)
 .text.libgcc.div
                0x00000000       0x2e c:/program files (x86)/atmel/studio/7.0/toolchain/avr8/avr8-gnu-toolchain/bin/../lib/gcc/avr/5.4.0/avr51\libgcc.a(_divmodsi4.o)
 .text.libgcc   0x00000000        0x0 c:/program files (x86)/atmel/studio/7.0/toolchain/avr8/avr8-gnu-toolchain/bin/../lib/gcc/avr/5.4.0/avr51\libgcc.a(_divmodsi4.o)
 .text.libgcc.prologue
                0x00000000        0x0 c:/program files (x86)/atmel/studio/7.0/toolchain/avr8/avr8-gnu-toolchain/bin/../lib/gcc/avr/5.4.0/avr51\libgcc.a(_divmodsi4.o)
 .text.libgcc.builtins
                0x00000000        0x0 c:/program files (x86)/atmel/studio/7.0/toolchain/avr8/avr8-gnu-toolchain/bin/../lib/gcc/avr/5.4.0/avr51\libgcc.a(_divmodsi4.o)
 .text.libgcc.fmul
                0x00000000        0x0 c:/program files (x86)/atmel/studio/7.0/toolchain/avr8/avr8-gnu-toolchain/bin/../lib/gcc/avr/5.4.0/avr51\libgcc.a(_divmodsi4.o)
 .text.libgcc.fixed
                0x00000000        0x0 c:/program files (x86)/atmel/studio/7.0/toolchain/avr8/avr8-gnu-toolchain/bin/../lib/gcc/avr/5.4.0/avr51\libgcc.a(_divmodsi4.o)
 .text          0x00000000        0x0 c:/program files (x86)/atmel/studio/7.0/toolchain/avr8/avr8-gnu-toolchain/bin/../lib/gcc/avr/5.4.0/avr51\libgcc.a(_negsi2.o)
 .data          0x00000000        0x0 c:/program files (x86)/atmel/studio/7.0/toolchain/avr8/avr8-gnu-toolchain/bin/../lib/gcc/avr/5.4.0/avr51\libgcc.a(_negsi2.o)
 .bss           0x00000000        0x0 c:/program files (x86)/atmel/studio/7.0/toolchain/avr8/avr8-gnu-toolchain/bin/../lib/gcc/avr/5.4.0/avr51\libgcc.a(_negsi2.o)
 .text.libgcc.mul
                0x00000000        0x0 c:/program files (x86)/atmel/studio/7.0/toolchain/avr8/avr8-gnu-toolchain/bin/../lib/gcc/avr/5.4.0/avr51\libgcc.a(_negsi2.o)
 .text.libgcc.div
                0x00000000       0x10 c:/program files (x86)/atmel/studio/7.0/toolchain/avr8/avr8-gnu-toolchain/bin/../lib/gcc/avr/5.4.0/avr51\libgcc.a(_negsi2.o)
 .text.libgcc   0x00000000        0x0 c:/program files (x86)/atmel/studio/7.0/toolchain/avr8/avr8-gnu-toolchain/bin/../lib/gcc/avr/5.4.0/avr51\libgcc.a(_negsi2.o)
 .text.libgcc.prologue
                0x00000000        0x0 c:/program files (x86)/atmel/studio/7.0/toolchain/avr8/avr8-gnu-toolchain/bin/../lib/gcc/avr/5.4.0/avr51\libgcc.a(_negsi2.o)
 .text.libgcc.builtins
                0x00000000        0x0 c:/program files (x86)/atmel/studio/7.0/toolchain/avr8/avr8-gnu-toolchain/bin/../lib/gcc/avr/5.4.0/avr51\libgcc.a(_negsi2.o)
 .text.libgcc.fmul
                0x00000000        0x0 c:/program files (x86)/atmel/studio/7.0/toolchain/avr8/avr8-gnu-toolchain/bin/../lib/gcc/avr/5.4.0/avr51\libgcc.a(_negsi2.o)
 .text.libgcc.fixed
                0x00000000        0x0 c:/program files (x86)/atmel/studio/7.0/toolchain/avr8/avr8-gnu-toolchain/bin/../lib/gcc/avr/5.4.0/avr51\libgcc.a(_negsi2.o)
 .text          0x00000000        0x0 c:/program files (x86)/atmel/studio/7.0/toolchain/avr8/avr8-gnu-toolchain/bin/../lib/gcc/avr/5.4.0/avr51\libgcc.a(_exit.o)
 .data          0x00000000        0x0 c:/program files (x86)/atmel/studio/7.0/toolchain/avr8/avr8-gnu-toolchain/bin/../lib/gcc/avr/5.4.0/avr51\libgcc.a(_exit.o)
 .bss           0x00000000        0x0 c:/program files (x86)/atmel/studio/7.0/toolchain/avr8/avr8-gnu-toolchain/bin/../lib/gcc/avr/5.4.0/avr51\libgcc.a(_exit.o)
 .text.libgcc.mul
                0x00000000        0x0 c:/program files (x86)/atmel/studio/7.0/toolchain/avr8/avr8-gnu-toolchain/bin/../lib/gcc/avr/5.4.0/avr51\libgcc.a(_exit.o)
 .text.libgcc.div
                0x00000000        0x0 c:/program files (x86)/atmel/studio/7.0/toolchain/avr8/avr8-gnu-toolchain/bin/../lib/gcc/avr/5.4.0/avr51\libgcc.a(_exit.o)
 .text.libgcc   0x00000000        0x0 c:/program files (x86)/atmel/studio/7.0/toolchain/avr8/avr8-gnu-toolchain/bin/../lib/gcc/avr/5.4.0/avr51\libgcc.a(_exit.o)
 .text.libgcc.prologue
                0x00000000        0x0 c:/program files (x86)/atmel/studio/7.0/toolchain/avr8/avr8-gnu-toolchain/bin/../lib/gcc/avr/5.4.0/avr51\libgcc.a(_exit.o)
 .text.libgcc.builtins
                0x00000000        0x0 c:/program files (x86)/atmel/studio/7.0/toolchain/avr8/avr8-gnu-toolchain/bin/../lib/gcc/avr/5.4.0/avr51\libgcc.a(_exit.o)
 .text.libgcc.fmul
                0x00000000        0x0 c:/program files (x86)/atmel/studio/7.0/toolchain/avr8/avr8-gnu-toolchain/bin/../lib/gcc/avr/5.4.0/avr51\libgcc.a(_exit.o)
 .text.libgcc.fixed
                0x00000000        0x0 c:/program files (x86)/atmel/studio/7.0/toolchain/avr8/avr8-gnu-toolchain/bin/../lib/gcc/avr/5.4.0/avr51\libgcc.a(_exit.o)
 .text          0x00000000        0x0 c:/program files (x86)/atmel/studio/7.0/toolchain/avr8/avr8-gnu-toolchain/bin/../lib/gcc/avr/5.4.0/avr51\libgcc.a(_copy_data.o)
 .data          0x00000000        0x0 c:/program files (x86)/atmel/studio/7.0/toolchain/avr8/avr8-gnu-toolchain/bin/../lib/gcc/avr/5.4.0/avr51\libgcc.a(_copy_data.o)
 .bss           0x00000000        0x0 c:/program files (x86)/atmel/studio/7.0/toolchain/avr8/avr8-gnu-toolchain/bin/../lib/gcc/avr/5.4.0/avr51\libgcc.a(_copy_data.o)
 .text.libgcc.mul
                0x00000000        0x0 c:/program files (x86)/atmel/studio/7.0/toolchain/avr8/avr8-gnu-toolchain/bin/../lib/gcc/avr/5.4.0/avr51\libgcc.a(_copy_data.o)
 .text.libgcc.div
                0x00000000        0x0 c:/program files (x86)/atmel/studio/7.0/toolchain/avr8/avr8-gnu-toolchain/bin/../lib/gcc/avr/5.4.0/avr51\libgcc.a(_copy_data.o)
 .text.libgcc   0x00000000        0x0 c:/program files (x86)/atmel/studio/7.0/toolchain/avr8/avr8-gnu-toolchain/bin/../lib/gcc/avr/5.4.0/avr51\libgcc.a(_copy_data.o)
 .text.libgcc.prologue
                0x00000000        0x0 c:/program files (x86)/atmel/studio/7.0/toolchain/avr8/avr8-gnu-toolchain/bin/../lib/gcc/avr/5.4.0/avr51\libgcc.a(_copy_data.o)
 .text.libgcc.builtins
                0x00000000        0x0 c:/program files (x86)/atmel/studio/7.0/toolchain/avr8/avr8-gnu-toolchain/bin/../lib/gcc/avr/5.4.0/avr51\libgcc.a(_copy_data.o)
 .text.libgcc.fmul
                0x00000000        0x0 c:/program files (x86)/atmel/studio/7.0/toolchain/avr8/avr8-gnu-toolchain/bin/../lib/gcc/avr/5.4.0/avr51\libgcc.a(_copy_data.o)
 .text.libgcc.fixed
                0x00000000        0x0 c:/program files (x86)/atmel/studio/7.0/toolchain/avr8/avr8-gnu-toolchain/bin/../lib/gcc/avr/5.4.0/avr51\libgcc.a(_copy_data.o)
 .text          0x00000000        0x0 c:/program files (x86)/atmel/studio/7.0/toolchain/avr8/avr8-gnu-toolchain/bin/../lib/gcc/avr/5.4.0/avr51\libgcc.a(_clear_bss.o)
 .data          0x00000000        0x0 c:/program files (x86)/atmel/studio/7.0/toolchain/avr8/avr8-gnu-toolchain/bin/../lib/gcc/avr/5.4.0/avr51\libgcc.a(_clear_bss.o)
 .bss           0x00000000        0x0 c:/program files (x86)/atmel/studio/7.0/toolchain/avr8/avr8-gnu-toolchain/bin/../lib/gcc/avr/5.4.0/avr51\libgcc.a(_clear_bss.o)
 .text.libgcc.mul
                0x00000000        0x0 c:/program files (x86)/atmel/studio/7.0/toolchain/avr8/avr8-gnu-toolchain/bin/../lib/gcc/avr/5.4.0/avr51\libgcc.a(_clear_bss.o)
 .text.libgcc.div
                0x00000000        0x0 c:/program files (x86)/atmel/studio/7.0/toolchain/avr8/avr8-gnu-toolchain/bin/../lib/gcc/avr/5.4.0/avr51\libgcc.a(_clear_bss.o)
 .text.libgcc   0x00000000        0x0 c:/program files (x86)/atmel/studio/7.0/toolchain/avr8/avr8-gnu-toolchain/bin/../lib/gcc/avr/5.4.0/avr51\libgcc.a(_clear_bss.o)
 .text.libgcc.prologue
                0x00000000        0x0 c:/program files (x86)/atmel/studio/7.0/toolchain/avr8/avr8-gnu-toolchain/bin/../lib/gcc/avr/5.4.0/avr51\libgcc.a(_clear_bss.o)
 .text.libgcc.builtins
                0x00000000        0x0 c:/program files (x86)/atmel/studio/7.0/toolchain/avr8/avr8-gnu-toolchain/bin/../lib/gcc/avr/5.4.0/avr51\libgcc.a(_clear_bss.o)
 .text.libgcc.fmul
                0x00000000        0x0 c:/program files (x86)/atmel/studio/7.0/toolchain/avr8/avr8-gnu-toolchain/bin/../lib/gcc/avr/5.4.0/avr51\libgcc.a(_clear_bss.o)
 .text.libgcc.fixed
                0x00000000        0x0 c:/program files (x86)/atmel/studio/7.0/toolchain/avr8/avr8-gnu-toolchain/bin/../lib/gcc/avr/5.4.0/avr51\libgcc.a(_clear_bss.o)
 .text          0x00000000        0x0 c:/program files (x86)/atmel/studio/7.0/toolchain/avr8/avr8-gnu-toolchain/bin/../lib/gcc/avr/5.4.0/avr51\libgcc.a(_umulhisi3.o)
 .data          0x00000000        0x0 c:/program files (x86)/atmel/studio/7.0/toolchain/avr8/avr8-gnu-toolchain/bin/../lib/gcc/avr/5.4.0/avr51\libgcc.a(_umulhisi3.o)
 .bss           0x00000000        0x0 c:/program files (x86)/atmel/studio/7.0/toolchain/avr8/avr8-gnu-toolchain/bin/../lib/gcc/avr/5.4.0/avr51\libgcc.a(_umulhisi3.o)
 .text.libgcc.div
                0x00000000        0x0 c:/program files (x86)/atmel/studio/7.0/toolchain/avr8/avr8-gnu-toolchain/bin/../lib/gcc/avr/5.4.0/avr51\libgcc.a(_umulhisi3.o)
 .text.libgcc   0x00000000        0x0 c:/program files (x86)/atmel/studio/7.0/toolchain/avr8/avr8-gnu-toolchain/bin/../lib/gcc/avr/5.4.0/avr51\libgcc.a(_umulhisi3.o)
 .text.libgcc.prologue
                0x00000000        0x0 c:/program files (x86)/atmel/studio/7.0/toolchain/avr8/avr8-gnu-toolchain/bin/../lib/gcc/avr/5.4.0/avr51\libgcc.a(_umulhisi3.o)
 .text.libgcc.builtins
                0x00000000        0x0 c:/program files (x86)/atmel/studio/7.0/toolchain/avr8/avr8-gnu-toolchain/bin/../lib/gcc/avr/5.4.0/avr51\libgcc.a(_umulhisi3.o)
 .text.libgcc.fmul
                0x00000000        0x0 c:/program files (x86)/atmel/studio/7.0/toolchain/avr8/avr8-gnu-toolchain/bin/../lib/gcc/avr/5.4.0/avr51\libgcc.a(_umulhisi3.o)
 .text.libgcc.fixed
                0x00000000        0x0 c:/program files (x86)/atmel/studio/7.0/toolchain/avr8/avr8-gnu-toolchain/bin/../lib/gcc/avr/5.4.0/avr51\libgcc.a(_umulhisi3.o)
 .text          0x00000000        0x0 c:/program files (x86)/atmel/studio/7.0/toolchain/avr8/avr8-gnu-toolchain/bin/../lib/gcc/avr/5.4.0/avr51\libgcc.a(_udivmodsi4.o)
 .data          0x00000000        0x0 c:/program files (x86)/atmel/studio/7.0/toolchain/avr8/avr8-gnu-toolchain/bin/../lib/gcc/avr/5.4.0/avr51\libgcc.a(_udivmodsi4.o)
 .bss           0x00000000        0x0 c:/program files (x86)/atmel/studio/7.0/toolchain/avr8/avr8-gnu-toolchain/bin/../lib/gcc/avr/5.4.0/avr51\libgcc.a(_udivmodsi4.o)
 .text.libgcc.mul
                0x00000000        0x0 c:/program files (x86)/atmel/studio/7.0/toolchain/avr8/avr8-gnu-toolchain/bin/../lib/gcc/avr/5.4.0/avr51\libgcc.a(_udivmodsi4.o)
 .text.libgcc.div
                0x00000000       0x44 c:/program files (x86)/atmel/studio/7.0/toolchain/avr8/avr8-gnu-toolchain/bin/../lib/gcc/avr/5.4.0/avr51\libgcc.a(_udivmodsi4.o)
 .text.libgcc   0x00000000        0x0 c:/program files (x86)/atmel/studio/7.0/toolchain/avr8/avr8-gnu-toolchain/bin/../lib/gcc/avr/5.4.0/avr51\libgcc.a(_udivmodsi4.o)
 .text.libgcc.prologue
                0x00000000        0x0 c:/program files (x86)/atmel/studio/7.0/toolchain/avr8/avr8-gnu-toolchain/bin/../lib/gcc/avr/5.4.0/avr51\libgcc.a(_udivmodsi4.o)
 .text.libgcc.builtins
                0x00000000        0x0 c:/program files (x86)/atmel/studio/7.0/toolchain/avr8/avr8-gnu-toolchain/bin/../lib/gcc/avr/5.4.0/avr51\libgcc.a(_udivmodsi4.o)
 .text.libgcc.fmul
                0x00000000        0x0 c:/program files (x86)/atmel/studio/7.0/toolchain/avr8/avr8-gnu-toolchain/bin/../lib/gcc/avr/5.4.0/avr51\libgcc.a(_udivmodsi4.o)
 .text.libgcc.fixed
                0x00000000        0x0 c:/program files (x86)/atmel/studio/7.0/toolchain/avr8/avr8-gnu-toolchain/bin/../lib/gcc/avr/5.4.0/avr51\libgcc.a(_udivmodsi4.o)
 .text          0x00000000        0x0 c:/program files (x86)/atmel/studio/7.0/toolchain/avr8/avr8-gnu-toolchain/bin/../lib/gcc/avr/5.4.0/../../../../avr/lib/avr51\libc.a(atoi.o)
 .data          0x00000000        0x0 c:/program files (x86)/atmel/studio/7.0/toolchain/avr8/avr8-gnu-toolchain/bin/../lib/gcc/avr/5.4.0/../../../../avr/lib/avr51\libc.a(atoi.o)
 .bss           0x00000000        0x0 c:/program files (x86)/atmel/studio/7.0/toolchain/avr8/avr8-gnu-toolchain/bin/../lib/gcc/avr/5.4.0/../../../../avr/lib/avr51\libc.a(atoi.o)
 .text.avr-libc
                0x00000000       0x3c c:/program files (x86)/atmel/studio/7.0/toolchain/avr8/avr8-gnu-toolchain/bin/../lib/gcc/avr/5.4.0/../../../../avr/lib/avr51\libc.a(atoi.o)
 .text          0x00000000        0x0 c:/program files (x86)/atmel/studio/7.0/toolchain/avr8/avr8-gnu-toolchain/bin/../lib/gcc/avr/5.4.0/../../../../avr/lib/avr51\libc.a(strtok.o)
 .data          0x00000000        0x0 c:/program files (x86)/atmel/studio/7.0/toolchain/avr8/avr8-gnu-toolchain/bin/../lib/gcc/avr/5.4.0/../../../../avr/lib/avr51\libc.a(strtok.o)
 .bss           0x00000000        0x2 c:/program files (x86)/atmel/studio/7.0/toolchain/avr8/avr8-gnu-toolchain/bin/../lib/gcc/avr/5.4.0/../../../../avr/lib/avr51\libc.a(strtok.o)
 .text.avr-libc
                0x00000000        0x8 c:/program files (x86)/atmel/studio/7.0/toolchain/avr8/avr8-gnu-toolchain/bin/../lib/gcc/avr/5.4.0/../../../../avr/lib/avr51\libc.a(strtok.o)
 .comment       0x00000000       0x31 c:/program files (x86)/atmel/studio/7.0/toolchain/avr8/avr8-gnu-toolchain/bin/../lib/gcc/avr/5.4.0/../../../../avr/lib/avr51\libc.a(strtok.o)
 .text          0x00000000        0x0 c:/program files (x86)/atmel/studio/7.0/toolchain/avr8/avr8-gnu-toolchain/bin/../lib/gcc/avr/5.4.0/../../../../avr/lib/avr51\libc.a(memcpy.o)
 .data          0x00000000        0x0 c:/program files (x86)/atmel/studio/7.0/toolchain/avr8/avr8-gnu-toolchain/bin/../lib/gcc/avr/5.4.0/../../../../avr/lib/avr51\libc.a(memcpy.o)
 .bss           0x00000000        0x0 c:/program files (x86)/atmel/studio/7.0/toolchain/avr8/avr8-gnu-toolchain/bin/../lib/gcc/avr/5.4.0/../../../../avr/lib/avr51\libc.a(memcpy.o)
 .text.avr-libc
                0x00000000       0x12 c:/program files (x86)/atmel/studio/7.0/toolchain/avr8/avr8-gnu-toolchain/bin/../lib/gcc/avr/5.4.0/../../../../avr/lib/avr51\libc.a(memcpy.o)
 .text          0x00000000        0x0 c:/program files (x86)/atmel/studio/7.0/toolchain/avr8/avr8-gnu-toolchain/bin/../lib/gcc/avr/5.4.0/../../../../avr/lib/avr51\libc.a(strcat.o)
 .data          0x00000000        0x0 c:/program files (x86)/atmel/studio/7.0/toolchain/avr8/avr8-gnu-toolchain/bin/../lib/gcc/avr/5.4.0/../../../../avr/lib/avr51\libc.a(strcat.o)
 .bss           0x00000000        0x0 c:/program files (x86)/atmel/studio/7.0/toolchain/avr8/avr8-gnu-toolchain/bin/../lib/gcc/avr/5.4.0/../../../../avr/lib/avr51\libc.a(strcat.o)
 .text.avr-libc
                0x00000000       0x16 c:/program files (x86)/atmel/studio/7.0/toolchain/avr8/avr8-gnu-toolchain/bin/../lib/gcc/avr/5.4.0/../../../../avr/lib/avr51\libc.a(strcat.o)
 .text          0x00000000        0x0 c:/program files (x86)/atmel/studio/7.0/toolchain/avr8/avr8-gnu-toolchain/bin/../lib/gcc/avr/5.4.0/../../../../avr/lib/avr51\libc.a(strstr.o)
 .data          0x00000000        0x0 c:/program files (x86)/atmel/studio/7.0/toolchain/avr8/avr8-gnu-toolchain/bin/../lib/gcc/avr/5.4.0/../../../../avr/lib/avr51\libc.a(strstr.o)
 .bss           0x00000000        0x0 c:/program files (x86)/atmel/studio/7.0/toolchain/avr8/avr8-gnu-toolchain/bin/../lib/gcc/avr/5.4.0/../../../../avr/lib/avr51\libc.a(strstr.o)
 .text.avr-libc
                0x00000000       0x34 c:/program files (x86)/atmel/studio/7.0/toolchain/avr8/avr8-gnu-toolchain/bin/../lib/gcc/avr/5.4.0/../../../../avr/lib/avr51\libc.a(strstr.o)
 .text          0x00000000        0x0 c:/program files (x86)/atmel/studio/7.0/toolchain/avr8/avr8-gnu-toolchain/bin/../lib/gcc/avr/5.4.0/../../../../avr/lib/avr51\libc.a(strtok_r.o)
 .data          0x00000000        0x0 c:/program files (x86)/atmel/studio/7.0/toolchain/avr8/avr8-gnu-toolchain/bin/../lib/gcc/avr/5.4.0/../../../../avr/lib/avr51\libc.a(strtok_r.o)
 .bss           0x00000000        0x0 c:/program files (x86)/atmel/studio/7.0/toolchain/avr8/avr8-gnu-toolchain/bin/../lib/gcc/avr/5.4.0/../../../../avr/lib/avr51\libc.a(strtok_r.o)
 .text.avr-libc
                0x00000000       0x4e c:/program files (x86)/atmel/studio/7.0/toolchain/avr8/avr8-gnu-toolchain/bin/../lib/gcc/avr/5.4.0/../../../../avr/lib/avr51\libc.a(strtok_r.o)
 .text          0x00000000        0x0 c:/program files (x86)/atmel/studio/7.0/toolchain/avr8/avr8-gnu-toolchain/bin/../lib/gcc/avr/5.4.0/../../../../avr/lib/avr51\libc.a(mul10.o)
 .data          0x00000000        0x0 c:/program files (x86)/atmel/studio/7.0/toolchain/avr8/avr8-gnu-toolchain/bin/../lib/gcc/avr/5.4.0/../../../../avr/lib/avr51\libc.a(mul10.o)
 .bss           0x00000000        0x0 c:/program files (x86)/atmel/studio/7.0/toolchain/avr8/avr8-gnu-toolchain/bin/../lib/gcc/avr/5.4.0/../../../../avr/lib/avr51\libc.a(mul10.o)
 .text.avr-libc
                0x00000000       0x10 c:/program files (x86)/atmel/studio/7.0/toolchain/avr8/avr8-gnu-toolchain/bin/../lib/gcc/avr/5.4.0/../../../../avr/lib/avr51\libc.a(mul10.o)
 .text          0x00000000        0x0 c:/program files (x86)/atmel/studio/7.0/toolchain/avr8/avr8-gnu-toolchain/bin/../lib/gcc/avr/5.4.0/../../../../avr/lib/avr51\libc.a(sprintf.o)
 .data          0x00000000        0x0 c:/program files (x86)/atmel/studio/7.0/toolchain/avr8/avr8-gnu-toolchain/bin/../lib/gcc/avr/5.4.0/../../../../avr/lib/avr51\libc.a(sprintf.o)
 .bss           0x00000000        0x0 c:/program files (x86)/atmel/studio/7.0/toolchain/avr8/avr8-gnu-toolchain/bin/../lib/gcc/avr/5.4.0/../../../../avr/lib/avr51\libc.a(sprintf.o)
 .text.avr-libc
                0x00000000       0x5e c:/program files (x86)/atmel/studio/7.0/toolchain/avr8/avr8-gnu-toolchain/bin/../lib/gcc/avr/5.4.0/../../../../avr/lib/avr51\libc.a(sprintf.o)
 .comment       0x00000000       0x31 c:/program files (x86)/atmel/studio/7.0/toolchain/avr8/avr8-gnu-toolchain/bin/../lib/gcc/avr/5.4.0/../../../../avr/lib/avr51\libc.a(sprintf.o)
 .text          0x00000000        0x0 c:/program files (x86)/atmel/studio/7.0/toolchain/avr8/avr8-gnu-toolchain/bin/../lib/gcc/avr/5.4.0/../../../../avr/lib/avr51\libc.a(vfprintf_std.o)
 .data          0x00000000        0x0 c:/program files (x86)/atmel/studio/7.0/toolchain/avr8/avr8-gnu-toolchain/bin/../lib/gcc/avr/5.4.0/../../../../avr/lib/avr51\libc.a(vfprintf_std.o)
 .bss           0x00000000        0x0 c:/program files (x86)/atmel/studio/7.0/toolchain/avr8/avr8-gnu-toolchain/bin/../lib/gcc/avr/5.4.0/../../../../avr/lib/avr51\libc.a(vfprintf_std.o)
 .text.avr-libc
                0x00000000      0x414 c:/program files (x86)/atmel/studio/7.0/toolchain/avr8/avr8-gnu-toolchain/bin/../lib/gcc/avr/5.4.0/../../../../avr/lib/avr51\libc.a(vfprintf_std.o)
 .comment       0x00000000       0x2d c:/program files (x86)/atmel/studio/7.0/toolchain/avr8/avr8-gnu-toolchain/bin/../lib/gcc/avr/5.4.0/../../../../avr/lib/avr51\libc.a(vfprintf_std.o)
 .text          0x00000000        0x0 c:/program files (x86)/atmel/studio/7.0/toolchain/avr8/avr8-gnu-toolchain/bin/../lib/gcc/avr/5.4.0/../../../../avr/lib/avr51\libc.a(strnlen_P.o)
 .data          0x00000000        0x0 c:/program files (x86)/atmel/studio/7.0/toolchain/avr8/avr8-gnu-toolchain/bin/../lib/gcc/avr/5.4.0/../../../../avr/lib/avr51\libc.a(strnlen_P.o)
 .bss           0x00000000        0x0 c:/program files (x86)/atmel/studio/7.0/toolchain/avr8/avr8-gnu-toolchain/bin/../lib/gcc/avr/5.4.0/../../../../avr/lib/avr51\libc.a(strnlen_P.o)
 .text.avr-libc
                0x00000000       0x16 c:/program files (x86)/atmel/studio/7.0/toolchain/avr8/avr8-gnu-toolchain/bin/../lib/gcc/avr/5.4.0/../../../../avr/lib/avr51\libc.a(strnlen_P.o)
 .text          0x00000000        0x0 c:/program files (x86)/atmel/studio/7.0/toolchain/avr8/avr8-gnu-toolchain/bin/../lib/gcc/avr/5.4.0/../../../../avr/lib/avr51\libc.a(strnlen.o)
 .data          0x00000000        0x0 c:/program files (x86)/atmel/studio/7.0/toolchain/avr8/avr8-gnu-toolchain/bin/../lib/gcc/avr/5.4.0/../../../../avr/lib/avr51\libc.a(strnlen.o)
 .bss           0x00000000        0x0 c:/program files (x86)/atmel/studio/7.0/toolchain/avr8/avr8-gnu-toolchain/bin/../lib/gcc/avr/5.4.0/../../../../avr/lib/avr51\libc.a(strnlen.o)
 .text.avr-libc
                0x00000000       0x16 c:/program files (x86)/atmel/studio/7.0/toolchain/avr8/avr8-gnu-toolchain/bin/../lib/gcc/avr/5.4.0/../../../../avr/lib/avr51\libc.a(strnlen.o)
 .text          0x00000000        0x0 c:/program files (x86)/atmel/studio/7.0/toolchain/avr8/avr8-gnu-toolchain/bin/../lib/gcc/avr/5.4.0/../../../../avr/lib/avr51\libc.a(fputc.o)
 .data          0x00000000        0x0 c:/program files (x86)/atmel/studio/7.0/toolchain/avr8/avr8-gnu-toolchain/bin/../lib/gcc/avr/5.4.0/../../../../avr/lib/avr51\libc.a(fputc.o)
 .bss           0x00000000        0x0 c:/program files (x86)/atmel/studio/7.0/toolchain/avr8/avr8-gnu-toolchain/bin/../lib/gcc/avr/5.4.0/../../../../avr/lib/avr51\libc.a(fputc.o)
 .text.avr-libc
                0x00000000       0x78 c:/program files (x86)/atmel/studio/7.0/toolchain/avr8/avr8-gnu-toolchain/bin/../lib/gcc/avr/5.4.0/../../../../avr/lib/avr51\libc.a(fputc.o)
 .comment       0x00000000       0x31 c:/program files (x86)/atmel/studio/7.0/toolchain/avr8/avr8-gnu-toolchain/bin/../lib/gcc/avr/5.4.0/../../../../avr/lib/avr51\libc.a(fputc.o)
 .text          0x00000000        0x0 c:/program files (x86)/atmel/studio/7.0/toolchain/avr8/avr8-gnu-toolchain/bin/../lib/gcc/avr/5.4.0/../../../../avr/lib/avr51\libc.a(ultoa_invert.o)
 .data          0x00000000        0x0 c:/program files (x86)/atmel/studio/7.0/toolchain/avr8/avr8-gnu-toolchain/bin/../lib/gcc/avr/5.4.0/../../../../avr/lib/avr51\libc.a(ultoa_invert.o)
 .bss           0x00000000        0x0 c:/program files (x86)/atmel/studio/7.0/toolchain/avr8/avr8-gnu-toolchain/bin/../lib/gcc/avr/5.4.0/../../../../avr/lib/avr51\libc.a(ultoa_invert.o)
 .text.avr-libc
                0x00000000       0xbc c:/program files (x86)/atmel/studio/7.0/toolchain/avr8/avr8-gnu-toolchain/bin/../lib/gcc/avr/5.4.0/../../../../avr/lib/avr51\libc.a(ultoa_invert.o)

Memory Configuration

Name             Origin             Length             Attributes
text             0x00000000         0x00020000         xr
data             0x00800100         0x0000ff00         rw !x
eeprom           0x00810000         0x00010000         rw !x
fuse             0x00820000         0x00000003         rw !x
lock             0x00830000         0x00000400         rw !x
signature        0x00840000         0x00000400         rw !x
user_signatures  0x00850000         0x00000400         rw !x
*default*        0x00000000         0xffffffff

Linker script and memory map

Address of section .data set to 0x800100
LOAD C:/Program Files (x86)/Atmel/Studio/7.0/Packs/atmel/ATmega_DFP/1.2.209/gcc/dev/atmega128/avr51/crtatmega128.o
LOAD Final Project.o
LOAD HAL/Bluetooth/Bluetooth.o
LOAD HAL/DC/moter.o
LOAD HAL/LED Matrix/LED_Matrix.o
LOAD HAL/Stepper/Stepper.o
LOAD HAL/Ultrasonic/Ultra.o
LOAD HAL/WiFi/WiFi.o
LOAD MCAL/SPI/spi.o
LOAD MCAL/UART/USART.o
LOAD RTOS/Source/croutine.o
LOAD RTOS/Source/event_groups.o
LOAD RTOS/Source/heap_1.o
LOAD RTOS/Source/integer.o
LOAD RTOS/Source/list.o
LOAD RTOS/Source/PollQ.o
LOAD RTOS/Source/port.o
LOAD RTOS/Source/queue.o
LOAD RTOS/Source/tasks.o
START GROUP
LOAD c:/program files (x86)/atmel/studio/7.0/toolchain/avr8/avr8-gnu-toolchain/bin/../lib/gcc/avr/5.4.0/../../../../avr/lib/avr51\libm.a
END GROUP
START GROUP
LOAD c:/program files (x86)/atmel/studio/7.0/toolchain/avr8/avr8-gnu-toolchain/bin/../lib/gcc/avr/5.4.0/avr51\libgcc.a
LOAD c:/program files (x86)/atmel/studio/7.0/toolchain/avr8/avr8-gnu-toolchain/bin/../lib/gcc/avr/5.4.0/../../../../avr/lib/avr51\libm.a
LOAD c:/program files (x86)/atmel/studio/7.0/toolchain/avr8/avr8-gnu-toolchain/bin/../lib/gcc/avr/5.4.0/../../../../avr/lib/avr51\libc.a
LOAD C:/Program Files (x86)/Atmel/Studio/7.0/Packs/atmel/ATmega_DFP/1.2.209/gcc/dev/atmega128/avr51\libatmega128.a
END GROUP
                0x00020000                __TEXT_REGION_LENGTH__ = DEFINED (__TEXT_REGION_LENGTH__)?__TEXT_REGION_LENGTH__:0x20000
                0x0000ff00                __DATA_REGION_LENGTH__ = DEFINED (__DATA_REGION_LENGTH__)?__DATA_REGION_LENGTH__:0xff00
                0x00010000                __EEPROM_REGION_LENGTH__ = DEFINED (__EEPROM_REGION_LENGTH__)?__EEPROM_REGION_LENGTH__:0x10000
                [0x00000003]                __FUSE_REGION_LENGTH__ = DEFINED (__FUSE_REGION_LENGTH__)?__FUSE_REGION_LENGTH__:0x400
                0x00000400                __LOCK_REGION_LENGTH__ = DEFINED (__LOCK_REGION_LENGTH__)?__LOCK_REGION_LENGTH__:0x400
                0x00000400                __SIGNATURE_REGION_LENGTH__ = DEFINED (__SIGNATURE_REGION_LENGTH__)?__SIGNATURE_REGION_LENGTH__:0x400
                0x00000400                __USER_SIGNATURE_REGION_LENGTH__ = DEFINED (__USER_SIGNATURE_REGION_LENGTH__)?__USER_SIGNATURE_REGION_LENGTH__:0x400

.hash
 *(.hash)

.dynsym
 *(.dynsym)

.dynstr
 *(.dynstr)

.gnu.version
 *(.gnu.version)

.gnu.version_d
 *(.gnu.version_d)

.gnu.version_r
 *(.gnu.version_r)

.rel.init
 *(.rel.init)

.rela.init
 *(.rela.init)

.rel.text
 *(.rel.text)
 *(.rel.text.*)
 *(.rel.gnu.linkonce.t*)

.rela.text
 *(.rela.text)
 *(.rela.text.*)
 *(.rela.gnu.linkonce.t*)

.rel.fini
 *(.rel.fini)

.rela.fini
 *(.rela.fini)

.rel.rodata
 *(.rel.rodata)
 *(.rel.rodata.*)
 *(.rel.gnu.linkonce.r*)

.rela.rodata
 *(.rela.rodata)
 *(.rela.rodata.*)
 *(.rela.gnu.linkonce.r*)

.rel.data
 *(.rel.data)
 *(.rel.data.*)
 *(.rel.gnu.linkonce.d*)

.rela.data
 *(.rela.data)
 *(.rela.data.*)
 *(.rela.gnu.linkonce.d*)

.rel.ctors
 *(.rel.ctors)

.rela.ctors
 *(.rela.ctors)

.rel.dtors
 *(.rel.dtors)

.rela.dtors
 *(.rela.dtors)

.rel.got
 *(.rel.got)

.rela.got
 *(.rela.got)

.rel.bss
 *(.rel.bss)

.rela.bss
 *(.rela.bss)

.rel.plt
 *(.rel.plt)

.rela.plt
 *(.rela.plt)

.text           0x00000000     0x2084
 *(.vectors)
 .vectors       0x00000000       0x8c C:/Program Files (x86)/Atmel/Studio/7.0/Packs/atmel/ATmega_DFP/1.2.209/gcc/dev/atmega128/avr51/crtatmega128.o
                0x00000000                __vector_default
                0x00000000                __vectors
 *(.vectors)
 *(.progmem.gcc*)
                0x0000008c                . = ALIGN (0x2)
                0x0000008c                __trampolines_start = .
 *(.trampolines)
 .trampolines   0x0000008c        0x0 linker stubs
 *(.trampolines*)
                0x0000008c                __trampolines_end = .
 *libprintf_flt.a:*(.progmem.data)
 *libc.a:*(.progmem.data)
 *(.progmem*)
                0x0000008c                . = ALIGN (0x2)
 *(.jumptables)
 *(.jumptables*)
 *(.lowtext)
 *(.lowtext*)
                0x0000008c                __ctors_start = .
 *(.ctors)
                0x0000008c                __ctors_end = .
                0x0000008c                __dtors_start = .
 *(.dtors)
                0x0000008c                __dtors_end = .
 SORT(*)(.ctors)
 SORT(*)(.dtors)
 *(.init0)
 .init0         0x0000008c        0x0 C:/Program Files (x86)/Atmel/Studio/7.0/Packs/atmel/ATmega_DFP/1.2.209/gcc/dev/atmega128/avr51/crtatmega128.o
                0x0000008c                __init
 *(.init0)
 *(.init1)
 *(.init1)
 *(.init2)
 .init2         0x0000008c        0xc C:/Program Files (x86)/Atmel/Studio/7.0/Packs/atmel/ATmega_DFP/1.2.209/gcc/dev/atmega128/avr51/crtatmega128.o
 *(.init2)
 *(.init3)
 *(.init3)
 *(.init4)
 .init4         0x00000098       0x1a c:/program files (x86)/atmel/studio/7.0/toolchain/avr8/avr8-gnu-toolchain/bin/../lib/gcc/avr/5.4.0/avr51\libgcc.a(_copy_data.o)
                0x00000098                __do_copy_data
 .init4         0x000000b2       0x10 c:/program files (x86)/atmel/studio/7.0/toolchain/avr8/avr8-gnu-toolchain/bin/../lib/gcc/avr/5.4.0/avr51\libgcc.a(_clear_bss.o)
                0x000000b2                __do_clear_bss
 *(.init4)
 *(.init5)
 *(.init5)
 *(.init6)
 *(.init6)
 *(.init7)
 *(.init7)
 *(.init8)
 *(.init8)
 *(.init9)
 .init9         0x000000c2        0x6 C:/Program Files (x86)/Atmel/Studio/7.0/Packs/atmel/ATmega_DFP/1.2.209/gcc/dev/atmega128/avr51/crtatmega128.o
 *(.init9)
 *(.text)
 .text          0x000000c8        0x2 C:/Program Files (x86)/Atmel/Studio/7.0/Packs/atmel/ATmega_DFP/1.2.209/gcc/dev/atmega128/avr51/crtatmega128.o
                0x000000c8                __vector_22
                0x000000c8                __vector_28
                0x000000c8                __vector_32
                0x000000c8                __vector_34
                0x000000c8                __vector_24
                0x000000c8                __bad_interrupt
                0x000000c8                __vector_6
                0x000000c8                __vector_31
                0x000000c8                __vector_3
                0x000000c8                __vector_23
                0x000000c8                __vector_30
                0x000000c8                __vector_25
                0x000000c8                __vector_11
                0x000000c8                __vector_13
                0x000000c8                __vector_17
                0x000000c8                __vector_19
                0x000000c8                __vector_7
                0x000000c8                __vector_27
                0x000000c8                __vector_5
                0x000000c8                __vector_33
                0x000000c8                __vector_4
                0x000000c8                __vector_9
                0x000000c8                __vector_21
                0x000000c8                __vector_15
                0x000000c8                __vector_29
                0x000000c8                __vector_8
                0x000000c8                __vector_26
                0x000000c8                __vector_14
                0x000000c8                __vector_20
                0x000000ca                . = ALIGN (0x2)
 *(.text.*)
 .text.LED_Matrix_Task
                0x000000ca        0xc Final Project.o
                0x000000ca                LED_Matrix_Task
 .text.Blind_Spot_Task
                0x000000d6       0x40 Final Project.o
                0x000000d6                Blind_Spot_Task
 .text.Avoidance_Task
                0x00000116       0x76 Final Project.o
                0x00000116                Avoidance_Task
 .text.main     0x0000018c       0x98 Final Project.o
                0x0000018c                main
 .text.Bluetooth_Init
                0x00000224        0xc HAL/Bluetooth/Bluetooth.o
                0x00000224                Bluetooth_Init
 .text.motor_init
                0x00000230       0x3e HAL/DC/moter.o
                0x00000230                motor_init
 .text.motor_forward
                0x0000026e        0x6 HAL/DC/moter.o
                0x0000026e                motor_forward
 .text.motor_backword
                0x00000274        0x6 HAL/DC/moter.o
                0x00000274                motor_backword
 .text.motor_stop
                0x0000027a        0x6 HAL/DC/moter.o
                0x0000027a                motor_stop
 .text.motor_right
                0x00000280       0x2a HAL/DC/moter.o
                0x00000280                motor_right
 .text.motor_left
                0x000002aa       0x2a HAL/DC/moter.o
                0x000002aa                motor_left
 .text.motor_normal
                0x000002d4       0x2a HAL/DC/moter.o
                0x000002d4                motor_normal
 .text.LED_Matrix_write
                0x000002fe       0x5a HAL/LED Matrix/LED_Matrix.o
                0x000002fe                LED_Matrix_write
 .text.LED_Matrix_init
                0x00000358       0x48 HAL/LED Matrix/LED_Matrix.o
                0x00000358                LED_Matrix_init
 .text.Normal_Middle_Led_Matrix
                0x000003a0      0x102 HAL/LED Matrix/LED_Matrix.o
                0x000003a0                Normal_Middle_Led_Matrix
 .text.UP_Middle_Led_Matrix
                0x000004a2      0x102 HAL/LED Matrix/LED_Matrix.o
                0x000004a2                UP_Middle_Led_Matrix
 .text.Down_Middle_Led_Matrix
                0x000005a4      0x102 HAL/LED Matrix/LED_Matrix.o
                0x000005a4                Down_Middle_Led_Matrix
 .text.Normal_Right_Led_Matrix
                0x000006a6      0x102 HAL/LED Matrix/LED_Matrix.o
                0x000006a6                Normal_Right_Led_Matrix
 .text.DOWN_Right_Led_Matrix
                0x000007a8      0x102 HAL/LED Matrix/LED_Matrix.o
                0x000007a8                DOWN_Right_Led_Matrix
 .text.UP_Rigt_Led_Matrix
                0x000008aa      0x102 HAL/LED Matrix/LED_Matrix.o
                0x000008aa                UP_Rigt_Led_Matrix
 .text.UP_Left_Led_Matrix
                0x000009ac      0x102 HAL/LED Matrix/LED_Matrix.o
                0x000009ac                UP_Left_Led_Matrix
 .text.DOWN_Left_Led_Matrix
                0x00000aae      0x102 HAL/LED Matrix/LED_Matrix.o
                0x00000aae                DOWN_Left_Led_Matrix
 .text.Normal_Left_Led_Matrix
                0x00000bb0      0x102 HAL/LED Matrix/LED_Matrix.o
                0x00000bb0                Normal_Left_Led_Matrix
 .text.Chnage_Led_Matrix_Mode
                0x00000cb2       0xda HAL/LED Matrix/LED_Matrix.o
                0x00000cb2                Chnage_Led_Matrix_Mode
 .text.Stepper_Init
                0x00000d8c        0x8 HAL/Stepper/Stepper.o
                0x00000d8c                Stepper_Init
 .text.Stepper_forward
                0x00000d94       0xea HAL/Stepper/Stepper.o
                0x00000d94                Stepper_forward
 .text.Stepper_backward
                0x00000e7e       0xfe HAL/Stepper/Stepper.o
                0x00000e7e                Stepper_backward
 .text.Ultra_Init
                0x00000f7c       0x3c HAL/Ultrasonic/Ultra.o
                0x00000f7c                Ultra_Init
 .text.Ultra_get_acc_distance
                0x00000fb8       0x90 HAL/Ultrasonic/Ultra.o
                0x00000fb8                Ultra_get_acc_distance
 .text.Ultra_get_blind_distance
                0x00001048       0xa6 HAL/Ultrasonic/Ultra.o
                0x00001048                Ultra_get_blind_distance
 .text.__vector_2
                0x000010ee       0x2a HAL/Ultrasonic/Ultra.o
                0x000010ee                __vector_2
 .text.__vector_16
                0x00001118       0x2e HAL/Ultrasonic/Ultra.o
                0x00001118                __vector_16
 .text.__vector_1
                0x00001146       0x2a HAL/Ultrasonic/Ultra.o
                0x00001146                __vector_1
 .text.__vector_10
                0x00001170       0x2e HAL/Ultrasonic/Ultra.o
                0x00001170                __vector_10
 .text.SPI_Init
                0x0000119e       0x1c MCAL/SPI/spi.o
                0x0000119e                SPI_Init
 .text.SPI_Transcive
                0x000011ba        0xc MCAL/SPI/spi.o
                0x000011ba                SPI_Transcive
 .text.USART1_Init
                0x000011c6       0x2a MCAL/UART/USART.o
                0x000011c6                USART1_Init
 .text.__vector_18
                0x000011f0       0x60 MCAL/UART/USART.o
                0x000011f0                __vector_18
 .text.pvPortMalloc
                0x00001250       0x66 RTOS/Source/heap_1.o
                0x00001250                pvPortMalloc
 .text.vPortFree
                0x000012b6        0x2 RTOS/Source/heap_1.o
                0x000012b6                vPortFree
 .text.vListInitialise
                0x000012b8       0x1c RTOS/Source/list.o
                0x000012b8                vListInitialise
 .text.vListInitialiseItem
                0x000012d4        0x8 RTOS/Source/list.o
                0x000012d4                vListInitialiseItem
 .text.vListInsertEnd
                0x000012dc       0x42 RTOS/Source/list.o
                0x000012dc                vListInsertEnd
 .text.vListInsert
                0x0000131e       0x62 RTOS/Source/list.o
                0x0000131e                vListInsert
 .text.uxListRemove
                0x00001380       0x4c RTOS/Source/list.o
                0x00001380                uxListRemove
 .text.pxPortInitialiseStack
                0x000013cc       0xd8 RTOS/Source/port.o
                0x000013cc                pxPortInitialiseStack
 .text.xPortStartScheduler
                0x000014a4       0x6a RTOS/Source/port.o
                0x000014a4                xPortStartScheduler
 .text.vPortYield
                0x0000150e       0xb0 RTOS/Source/port.o
                0x0000150e                vPortYield
 .text.vPortYieldFromTick
                0x000015be       0xb4 RTOS/Source/port.o
                0x000015be                vPortYieldFromTick
 .text.__vector_12
                0x00001672        0x4 RTOS/Source/port.o
                0x00001672                __vector_12
 .text.prvResetNextTaskUnblockTime
                0x00001676       0x3e RTOS/Source/tasks.o
 .text.prvAddCurrentTaskToDelayedList
                0x000016b4       0x6a RTOS/Source/tasks.o
 .text.xTaskGenericCreate
                0x0000171e      0x1f8 RTOS/Source/tasks.o
                0x0000171e                xTaskGenericCreate
 .text.vTaskStartScheduler
                0x00001916       0x52 RTOS/Source/tasks.o
                0x00001916                vTaskStartScheduler
 .text.vTaskSuspendAll
                0x00001968        0xc RTOS/Source/tasks.o
                0x00001968                vTaskSuspendAll
 .text.xTaskIncrementTick
                0x00001974      0x172 RTOS/Source/tasks.o
                0x00001974                xTaskIncrementTick
 .text.xTaskResumeAll
                0x00001ae6       0xfa RTOS/Source/tasks.o
                0x00001ae6                xTaskResumeAll
 .text.vTaskDelay
                0x00001be0       0x36 RTOS/Source/tasks.o
                0x00001be0                vTaskDelay
 .text.prvIdleTask
                0x00001c16       0x6e RTOS/Source/tasks.o
 .text.vTaskSwitchContext
                0x00001c84       0xda RTOS/Source/tasks.o
                0x00001c84                vTaskSwitchContext
 .text.avr-libc.fplib
                0x00001d5e        0xa c:/program files (x86)/atmel/studio/7.0/toolchain/avr8/avr8-gnu-toolchain/bin/../lib/gcc/avr/5.4.0/../../../../avr/lib/avr51\libm.a(addsf3.o)
                0x00001d5e                __subsf3
                0x00001d60                __addsf3
 .text.avr-libc.fplib
                0x00001d68       0xc0 c:/program files (x86)/atmel/studio/7.0/toolchain/avr8/avr8-gnu-toolchain/bin/../lib/gcc/avr/5.4.0/../../../../avr/lib/avr51\libm.a(addsf3x.o)
                0x00001d82                __addsf3x
 .text.avr-libc.fplib
                0x00001e28       0x58 c:/program files (x86)/atmel/studio/7.0/toolchain/avr8/avr8-gnu-toolchain/bin/../lib/gcc/avr/5.4.0/../../../../avr/lib/avr51\libm.a(fixunssfsi.o)
                0x00001e28                __fixunssfsi
 .text.avr-libc.fplib
                0x00001e80       0x7a c:/program files (x86)/atmel/studio/7.0/toolchain/avr8/avr8-gnu-toolchain/bin/../lib/gcc/avr/5.4.0/../../../../avr/lib/avr51\libm.a(floatsisf.o)
                0x00001e80                __floatunsisf
                0x00001e84                __floatsisf
 .text.avr-libc.fplib
                0x00001efa        0xc c:/program files (x86)/atmel/studio/7.0/toolchain/avr8/avr8-gnu-toolchain/bin/../lib/gcc/avr/5.4.0/../../../../avr/lib/avr51\libm.a(fp_inf.o)
                0x00001efa                __fp_inf
 .text.avr-libc.fplib
                0x00001f06        0x6 c:/program files (x86)/atmel/studio/7.0/toolchain/avr8/avr8-gnu-toolchain/bin/../lib/gcc/avr/5.4.0/../../../../avr/lib/avr51\libm.a(fp_nan.o)
                0x00001f06                __fp_nan
 .text.avr-libc.fplib
                0x00001f0c        0xe c:/program files (x86)/atmel/studio/7.0/toolchain/avr8/avr8-gnu-toolchain/bin/../lib/gcc/avr/5.4.0/../../../../avr/lib/avr51\libm.a(fp_pscA.o)
                0x00001f0c                __fp_pscA
 .text.avr-libc.fplib
                0x00001f1a        0xe c:/program files (x86)/atmel/studio/7.0/toolchain/avr8/avr8-gnu-toolchain/bin/../lib/gcc/avr/5.4.0/../../../../avr/lib/avr51\libm.a(fp_pscB.o)
                0x00001f1a                __fp_pscB
 .text.avr-libc.fplib
                0x00001f28       0x22 c:/program files (x86)/atmel/studio/7.0/toolchain/avr8/avr8-gnu-toolchain/bin/../lib/gcc/avr/5.4.0/../../../../avr/lib/avr51\libm.a(fp_round.o)
                0x00001f28                __fp_round
 .text.avr-libc.fplib
                0x00001f4a       0x44 c:/program files (x86)/atmel/studio/7.0/toolchain/avr8/avr8-gnu-toolchain/bin/../lib/gcc/avr/5.4.0/../../../../avr/lib/avr51\libm.a(fp_split3.o)
                0x00001f4a                __fp_split3
                0x00001f5a                __fp_splitA
 .text.avr-libc.fplib
                0x00001f8e        0xe c:/program files (x86)/atmel/studio/7.0/toolchain/avr8/avr8-gnu-toolchain/bin/../lib/gcc/avr/5.4.0/../../../../avr/lib/avr51\libm.a(fp_zero.o)
                0x00001f8e                __fp_zero
                0x00001f90                __fp_szero
 .text.avr-libc.fplib
                0x00001f9c        0x4 c:/program files (x86)/atmel/studio/7.0/toolchain/avr8/avr8-gnu-toolchain/bin/../lib/gcc/avr/5.4.0/../../../../avr/lib/avr51\libm.a(mulsf3.o)
                0x00001f9c                __mulsf3
 .text.avr-libc.fplib
                0x00001fa0       0xc2 c:/program files (x86)/atmel/studio/7.0/toolchain/avr8/avr8-gnu-toolchain/bin/../lib/gcc/avr/5.4.0/../../../../avr/lib/avr51\libm.a(mulsf3x.o)
                0x00001fb4                __mulsf3x
                0x00001fb8                __mulsf3_pse
 .text.libgcc.mul
                0x00002062       0x1e c:/program files (x86)/atmel/studio/7.0/toolchain/avr8/avr8-gnu-toolchain/bin/../lib/gcc/avr/5.4.0/avr51\libgcc.a(_umulhisi3.o)
                0x00002062                __umulhisi3
                0x00002080                . = ALIGN (0x2)
 *(.fini9)
 .fini9         0x00002080        0x0 c:/program files (x86)/atmel/studio/7.0/toolchain/avr8/avr8-gnu-toolchain/bin/../lib/gcc/avr/5.4.0/avr51\libgcc.a(_exit.o)
                0x00002080                _exit
                0x00002080                exit
 *(.fini9)
 *(.fini8)
 *(.fini8)
 *(.fini7)
 *(.fini7)
 *(.fini6)
 *(.fini6)
 *(.fini5)
 *(.fini5)
 *(.fini4)
 *(.fini4)
 *(.fini3)
 *(.fini3)
 *(.fini2)
 *(.fini2)
 *(.fini1)
 *(.fini1)
 *(.fini0)
 .fini0         0x00002080        0x4 c:/program files (x86)/atmel/studio/7.0/toolchain/avr8/avr8-gnu-toolchain/bin/../lib/gcc/avr/5.4.0/avr51\libgcc.a(_exit.o)
 *(.fini0)
                0x00002084                _etext = .

.data           0x00800100        0x8 load address 0x00002084
                0x00800100                PROVIDE (__data_start, .)
 *(.data)
 *(.data*)
 .data.normal_flag
                0x00800100        0x1 Final Project.o
                0x00800100                normal_flag
 .data.xNextTaskUnblockTime
                0x00800101        0x2 RTOS/Source/tasks.o
 *(.gnu.linkonce.d*)
 *(.rodata)
 *(.rodata*)
 .rodata.str1.1
                0x00800103        0x5 RTOS/Source/tasks.o
 *(.gnu.linkonce.r*)
                0x00800108                . = ALIGN (0x2)
                0x00800108                _edata = .
                0x00800108                PROVIDE (__data_end, .)

.bss            0x00800108      0x902
                0x00800108                PROVIDE (__bss_start, .)
 *(.bss)
 *(.bss*)
 .bss.flag      0x00800108        0x1 Final Project.o
                0x00800108                flag
 .bss.right_flag
                0x00800109        0x1 Final Project.o
                0x00800109                right_flag
 .bss.left_flg  0x0080010a        0x1 Final Project.o
                0x0080010a                left_flg
 .bss.timer2_overflows
                0x0080010b        0x2 HAL/Ultrasonic/Ultra.o
 .bss.timer0_overflows
                0x0080010d        0x2 HAL/Ultrasonic/Ultra.o
 .bss.pulse_blind
                0x0080010f        0x2 HAL/Ultrasonic/Ultra.o
 .bss.pulse_acc
                0x00800111        0x2 HAL/Ultrasonic/Ultra.o
 .bss.index     0x00800113        0x2 MCAL/UART/USART.o
                0x00800113                index
 .bss.pucAlignedHeap.1981
                0x00800115        0x2 RTOS/Source/heap_1.o
 .bss.xNextFreeByte
                0x00800117        0x2 RTOS/Source/heap_1.o
 .bss.ucHeap    0x00800119      0x5dc RTOS/Source/heap_1.o
 .bss.uxSchedulerSuspended
                0x008006f5        0x1 RTOS/Source/tasks.o
 .bss.uxTaskNumber
                0x008006f6        0x1 RTOS/Source/tasks.o
 .bss.xNumOfOverflows
                0x008006f7        0x1 RTOS/Source/tasks.o
 .bss.xYieldPending
                0x008006f8        0x1 RTOS/Source/tasks.o
 .bss.uxPendedTicks
                0x008006f9        0x1 RTOS/Source/tasks.o
 .bss.xSchedulerRunning
                0x008006fa        0x1 RTOS/Source/tasks.o
 .bss.uxTopReadyPriority
                0x008006fb        0x1 RTOS/Source/tasks.o
 .bss.xTickCount
                0x008006fc        0x2 RTOS/Source/tasks.o
 .bss.uxCurrentNumberOfTasks
                0x008006fe        0x1 RTOS/Source/tasks.o
 .bss.uxTasksDeleted
                0x008006ff        0x1 RTOS/Source/tasks.o
 .bss.xTasksWaitingTermination
                0x00800700        0x9 RTOS/Source/tasks.o
 .bss.xPendingReadyList
                0x00800709        0x9 RTOS/Source/tasks.o
 .bss.pxOverflowDelayedTaskList
                0x00800712        0x2 RTOS/Source/tasks.o
 .bss.pxDelayedTaskList
                0x00800714        0x2 RTOS/Source/tasks.o
 .bss.xDelayedTaskList2
                0x00800716        0x9 RTOS/Source/tasks.o
 .bss.xDelayedTaskList1
                0x0080071f        0x9 RTOS/Source/tasks.o
 .bss.pxReadyTasksLists
                0x00800728       0x24 RTOS/Source/tasks.o
 .bss.pxCurrentTCB
                0x0080074c        0x2 RTOS/Source/tasks.o
                0x0080074c                pxCurrentTCB
 *(COMMON)
 COMMON         0x0080074e      0x2bc MCAL/UART/USART.o
                0x0080074e                recv_buffer
                0x00800a0a                PROVIDE (__bss_end, .)
                0x00002084                __data_load_start = LOADADDR (.data)
                0x0000208c                __data_load_end = (__data_load_start + SIZEOF (.data))

.noinit         0x00800a0a        0x0
                [!provide]                PROVIDE (__noinit_start, .)
 *(.noinit*)
                [!provide]                PROVIDE (__noinit_end, .)
                0x00800a0a                _end = .
                [!provide]                PROVIDE (__heap_start, .)

.eeprom         0x00810000        0x0
 *(.eeprom*)
                0x00810000                __eeprom_end = .

.fuse
 *(.fuse)
 *(.lfuse)
 *(.hfuse)
 *(.efuse)

.lock
 *(.lock*)

.signature
 *(.signature*)

.user_signatures
 *(.user_signatures*)

.stab
 *(.stab)

.stabstr
 *(.stabstr)

.stab.excl
 *(.stab.excl)

.stab.exclstr
 *(.stab.exclstr)

.stab.index
 *(.stab.index)

.stab.indexstr
 *(.stab.indexstr)

.comment        0x00000000       0x30
 *(.comment)
 .comment       0x00000000       0x30 Final Project.o
                                 0x31 (size before relaxing)
 .comment       0x00000030       0x31 HAL/Bluetooth/Bluetooth.o
 .comment       0x00000030       0x31 HAL/DC/moter.o
 .comment       0x00000030       0x31 HAL/LED Matrix/LED_Matrix.o
 .comment       0x00000030       0x31 HAL/Stepper/Stepper.o
 .comment       0x00000030       0x31 HAL/Ultrasonic/Ultra.o
 .comment       0x00000030       0x31 MCAL/SPI/spi.o
 .comment       0x00000030       0x31 MCAL/UART/USART.o
 .comment       0x00000030       0x31 RTOS/Source/heap_1.o
 .comment       0x00000030       0x31 RTOS/Source/list.o
 .comment       0x00000030       0x31 RTOS/Source/port.o
 .comment       0x00000030       0x31 RTOS/Source/tasks.o

.note.gnu.avr.deviceinfo
                0x00000000       0x3c
 .note.gnu.avr.deviceinfo
                0x00000000       0x3c C:/Program Files (x86)/Atmel/Studio/7.0/Packs/atmel/ATmega_DFP/1.2.209/gcc/dev/atmega128/avr51/crtatmega128.o

.note.gnu.build-id
 *(.note.gnu.build-id)

.debug
 *(.debug)

.line
 *(.line)

.debug_srcinfo
 *(.debug_srcinfo)

.debug_sfnames
 *(.debug_sfnames)

.debug_aranges  0x00000000      0x410
 *(.debug_aranges)
 .debug_aranges
                0x00000000       0x38 Final Project.o
 .debug_aranges
                0x00000038       0x30 HAL/Bluetooth/Bluetooth.o
 .debug_aranges
                0x00000068       0x50 HAL/DC/moter.o
 .debug_aranges
                0x000000b8       0xa8 HAL/LED Matrix/LED_Matrix.o
 .debug_aranges
                0x00000160       0x30 HAL/Stepper/Stepper.o
 .debug_aranges
                0x00000190       0x50 HAL/Ultrasonic/Ultra.o
 .debug_aranges
                0x000001e0       0x28 MCAL/SPI/spi.o
 .debug_aranges
                0x00000208       0x70 MCAL/UART/USART.o
 .debug_aranges
                0x00000278       0x38 RTOS/Source/heap_1.o
 .debug_aranges
                0x000002b0       0x40 RTOS/Source/list.o
 .debug_aranges
                0x000002f0       0x48 RTOS/Source/port.o
 .debug_aranges
                0x00000338       0xd8 RTOS/Source/tasks.o

.debug_pubnames
 *(.debug_pubnames)

.debug_info     0x00000000     0x60b1
 *(.debug_info .gnu.linkonce.wi.*)
 .debug_info    0x00000000      0x780 C:/Program Files (x86)/Atmel/Studio/7.0/Packs/atmel/ATmega_DFP/1.2.209/gcc/dev/atmega128/avr51/crtatmega128.o
 .debug_info    0x00000780      0x66f Final Project.o
 .debug_info    0x00000def      0x144 HAL/Bluetooth/Bluetooth.o
 .debug_info    0x00000f33      0x161 HAL/DC/moter.o
 .debug_info    0x00001094     0x2b52 HAL/LED Matrix/LED_Matrix.o
 .debug_info    0x00003be6      0x44e HAL/Stepper/Stepper.o
 .debug_info    0x00004034      0x2d2 HAL/Ultrasonic/Ultra.o
 .debug_info    0x00004306       0xe7 MCAL/SPI/spi.o
 .debug_info    0x000043ed      0x2d3 MCAL/UART/USART.o
 .debug_info    0x000046c0      0x1a4 RTOS/Source/heap_1.o
 .debug_info    0x00004864      0x2c6 RTOS/Source/list.o
 .debug_info    0x00004b2a      0x263 RTOS/Source/port.o
 .debug_info    0x00004d8d     0x1324 RTOS/Source/tasks.o

.debug_abbrev   0x00000000     0x1616
 *(.debug_abbrev)
 .debug_abbrev  0x00000000      0x718 C:/Program Files (x86)/Atmel/Studio/7.0/Packs/atmel/ATmega_DFP/1.2.209/gcc/dev/atmega128/avr51/crtatmega128.o
 .debug_abbrev  0x00000718      0x143 Final Project.o
 .debug_abbrev  0x0000085b       0xbd HAL/Bluetooth/Bluetooth.o
 .debug_abbrev  0x00000918       0x69 HAL/DC/moter.o
 .debug_abbrev  0x00000981      0x1b0 HAL/LED Matrix/LED_Matrix.o
 .debug_abbrev  0x00000b31      0x18f HAL/Stepper/Stepper.o
 .debug_abbrev  0x00000cc0      0x146 HAL/Ultrasonic/Ultra.o
 .debug_abbrev  0x00000e06       0x89 MCAL/SPI/spi.o
 .debug_abbrev  0x00000e8f      0x138 MCAL/UART/USART.o
 .debug_abbrev  0x00000fc7      0x11c RTOS/Source/heap_1.o
 .debug_abbrev  0x000010e3       0xf8 RTOS/Source/list.o
 .debug_abbrev  0x000011db      0x155 RTOS/Source/port.o
 .debug_abbrev  0x00001330      0x2e6 RTOS/Source/tasks.o

.debug_line     0x00000000     0x2c87
 *(.debug_line .debug_line.* .debug_line_end)
 .debug_line    0x00000000      0x169 C:/Program Files (x86)/Atmel/Studio/7.0/Packs/atmel/ATmega_DFP/1.2.209/gcc/dev/atmega128/avr51/crtatmega128.o
 .debug_line    0x00000169      0x2ec Final Project.o
 .debug_line    0x00000455       0x9a HAL/Bluetooth/Bluetooth.o
 .debug_line    0x000004ef      0x19d HAL/DC/moter.o
 .debug_line    0x0000068c      0xc78 HAL/LED Matrix/LED_Matrix.o
 .debug_line    0x00001304      0x35c HAL/Stepper/Stepper.o
 .debug_line    0x00001660      0x2e5 HAL/Ultrasonic/Ultra.o
 .debug_line    0x00001945      0x10f MCAL/SPI/spi.o
 .debug_line    0x00001a54      0x27a MCAL/UART/USART.o
 .debug_line    0x00001cce      0x1b9 RTOS/Source/heap_1.o
 .debug_line    0x00001e87      0x1e5 RTOS/Source/list.o
 .debug_line    0x0000206c      0x2a2 RTOS/Source/port.o
 .debug_line    0x0000230e      0x979 RTOS/Source/tasks.o

.debug_frame    0x00000000      0x980
 *(.debug_frame)
 .debug_frame   0x00000000       0x78 Final Project.o
 .debug_frame   0x00000078       0x44 HAL/Bluetooth/Bluetooth.o
 .debug_frame   0x000000bc       0x84 HAL/DC/moter.o
 .debug_frame   0x00000140      0x180 HAL/LED Matrix/LED_Matrix.o
 .debug_frame   0x000002c0       0x64 HAL/Stepper/Stepper.o
 .debug_frame   0x00000324       0xd4 HAL/Ultrasonic/Ultra.o
 .debug_frame   0x000003f8       0x34 MCAL/SPI/spi.o
 .debug_frame   0x0000042c      0x118 MCAL/UART/USART.o
 .debug_frame   0x00000544       0x60 RTOS/Source/heap_1.o
 .debug_frame   0x000005a4       0x88 RTOS/Source/list.o
 .debug_frame   0x0000062c       0x74 RTOS/Source/port.o
 .debug_frame   0x000006a0      0x2e0 RTOS/Source/tasks.o

.debug_str      0x00000000     0x12a6
 *(.debug_str)
 .debug_str     0x00000000      0x27d C:/Program Files (x86)/Atmel/Studio/7.0/Packs/atmel/ATmega_DFP/1.2.209/gcc/dev/atmega128/avr51/crtatmega128.o
 .debug_str     0x0000027d      0x353 Final Project.o
                                0x3a5 (size before relaxing)
 .debug_str     0x000005d0       0x81 HAL/Bluetooth/Bluetooth.o
                                0x247 (size before relaxing)
 .debug_str     0x00000651       0x1b HAL/DC/moter.o
                                0x251 (size before relaxing)
 .debug_str     0x0000066c      0x1cc HAL/LED Matrix/LED_Matrix.o
                                0x3d8 (size before relaxing)
 .debug_str     0x00000838       0x26 HAL/Stepper/Stepper.o
                                0x25d (size before relaxing)
 .debug_str     0x0000085e       0xb1 HAL/Ultrasonic/Ultra.o
                                0x311 (size before relaxing)
 .debug_str     0x0000090f       0x1f MCAL/SPI/spi.o
                                0x1f0 (size before relaxing)
 .debug_str     0x0000092e       0xb9 MCAL/UART/USART.o
                                0x2ac (size before relaxing)
 .debug_str     0x000009e7       0xb9 RTOS/Source/heap_1.o
                                0x260 (size before relaxing)
 .debug_str     0x00000aa0      0x14a RTOS/Source/list.o
                                0x2e6 (size before relaxing)
 .debug_str     0x00000bea      0x123 RTOS/Source/port.o
                                0x2e9 (size before relaxing)
 .debug_str     0x00000d0d      0x599 RTOS/Source/tasks.o
                                0x980 (size before relaxing)

.debug_loc      0x00000000     0x229a
 *(.debug_loc)
 .debug_loc     0x00000000      0x106 Final Project.o
 .debug_loc     0x00000106       0x21 HAL/Bluetooth/Bluetooth.o
 .debug_loc     0x00000127      0x4be HAL/LED Matrix/LED_Matrix.o
 .debug_loc     0x000005e5      0x3bd HAL/Stepper/Stepper.o
 .debug_loc     0x000009a2      0x30a HAL/Ultrasonic/Ultra.o
 .debug_loc     0x00000cac       0x4b MCAL/SPI/spi.o
 .debug_loc     0x00000cf7      0x1e4 MCAL/UART/USART.o
 .debug_loc     0x00000edb       0xf1 RTOS/Source/heap_1.o
 .debug_loc     0x00000fcc      0x145 RTOS/Source/list.o
 .debug_loc     0x00001111      0x2a0 RTOS/Source/port.o
 .debug_loc     0x000013b1      0xee9 RTOS/Source/tasks.o

.debug_macinfo
 *(.debug_macinfo)

.debug_weaknames
 *(.debug_weaknames)

.debug_funcnames
 *(.debug_funcnames)

.debug_typenames
 *(.debug_typenames)

.debug_varnames
 *(.debug_varnames)

.debug_pubtypes
 *(.debug_pubtypes)

.debug_ranges   0x00000000      0x3b0
 *(.debug_ranges)
 .debug_ranges  0x00000000       0x28 Final Project.o
 .debug_ranges  0x00000028       0x20 HAL/Bluetooth/Bluetooth.o
 .debug_ranges  0x00000048       0x40 HAL/DC/moter.o
 .debug_ranges  0x00000088       0x98 HAL/LED Matrix/LED_Matrix.o
 .debug_ranges  0x00000120       0x20 HAL/Stepper/Stepper.o
 .debug_ranges  0x00000140       0x40 HAL/Ultrasonic/Ultra.o
 .debug_ranges  0x00000180       0x18 MCAL/SPI/spi.o
 .debug_ranges  0x00000198       0x60 MCAL/UART/USART.o
 .debug_ranges  0x000001f8       0x28 RTOS/Source/heap_1.o
 .debug_ranges  0x00000220       0x30 RTOS/Source/list.o
 .debug_ranges  0x00000250       0x38 RTOS/Source/port.o
 .debug_ranges  0x00000288      0x128 RTOS/Source/tasks.o

.debug_macro
 *(.debug_macro)
OUTPUT(Final Project.elf elf32-avr)
LOAD linker stubs
